Archive member included to satisfy reference by file (symbol)

c:/progra~2/gnuarm~1/102021~1.10/bin/../lib/gcc/arm-none-eabi/10.3.1/thumb/v7e-m+fp/hard\libgcc.a(_arm_muldf3.o)
                              CMakeFiles/R1.elf.dir/Controller/PID.c.obj (__aeabi_dmul)
c:/progra~2/gnuarm~1/102021~1.10/bin/../lib/gcc/arm-none-eabi/10.3.1/thumb/v7e-m+fp/hard\libgcc.a(_arm_addsubdf3.o)
                              CMakeFiles/R1.elf.dir/Controller/PID.c.obj (__aeabi_dsub)
c:/progra~2/gnuarm~1/102021~1.10/bin/../lib/gcc/arm-none-eabi/10.3.1/thumb/v7e-m+fp/hard\libgcc.a(_arm_muldivdf3.o)
                              CMakeFiles/R1.elf.dir/Application/pid_task.c.obj (__aeabi_ddiv)
c:/progra~2/gnuarm~1/102021~1.10/bin/../lib/gcc/arm-none-eabi/10.3.1/thumb/v7e-m+fp/hard\libgcc.a(_arm_cmpdf2.o)
                              CMakeFiles/R1.elf.dir/PIDC1_stm32/PIDC1.c.obj (__aeabi_dcmpeq)
c:/progra~2/gnuarm~1/102021~1.10/bin/../lib/gcc/arm-none-eabi/10.3.1/thumb/v7e-m+fp/hard\libgcc.a(_arm_fixdfsi.o)
                              CMakeFiles/R1.elf.dir/Application/pid_task.c.obj (__aeabi_d2iz)
c:/progra~2/gnuarm~1/102021~1.10/bin/../lib/gcc/arm-none-eabi/10.3.1/thumb/v7e-m+fp/hard\libgcc.a(_arm_fixunsdfsi.o)
                              CMakeFiles/R1.elf.dir/PIDC1_stm32/PIDC1.c.obj (__aeabi_d2uiz)
c:/progra~2/gnuarm~1/102021~1.10/bin/../lib/gcc/arm-none-eabi/10.3.1/thumb/v7e-m+fp/hard\libgcc.a(_arm_truncdfsf2.o)
                              CMakeFiles/R1.elf.dir/Application/pid_task.c.obj (__aeabi_d2f)
c:/progra~2/gnuarm~1/102021~1.10/bin/../lib/gcc/arm-none-eabi/10.3.1/thumb/v7e-m+fp/hard\libgcc.a(_aeabi_uldivmod.o)
                              CMakeFiles/R1.elf.dir/Drivers/STM32F4xx_HAL_Driver/Src/stm32f4xx_hal_rcc.c.obj (__aeabi_uldivmod)
c:/progra~2/gnuarm~1/102021~1.10/bin/../lib/gcc/arm-none-eabi/10.3.1/thumb/v7e-m+fp/hard\libgcc.a(_udivmoddi4.o)
                              c:/progra~2/gnuarm~1/102021~1.10/bin/../lib/gcc/arm-none-eabi/10.3.1/thumb/v7e-m+fp/hard\libgcc.a(_aeabi_uldivmod.o) (__udivmoddi4)
c:/progra~2/gnuarm~1/102021~1.10/bin/../lib/gcc/arm-none-eabi/10.3.1/thumb/v7e-m+fp/hard\libgcc.a(_dvmd_tls.o)
                              c:/progra~2/gnuarm~1/102021~1.10/bin/../lib/gcc/arm-none-eabi/10.3.1/thumb/v7e-m+fp/hard\libgcc.a(_aeabi_uldivmod.o) (__aeabi_ldiv0)
c:/progra~2/gnuarm~1/102021~1.10/bin/../lib/gcc/arm-none-eabi/10.3.1/../../../../arm-none-eabi/lib/thumb/v7e-m+fp/hard\libg.a(lib_a-errno.o)
                              CMakeFiles/R1.elf.dir/Core/Src/syscalls.c.obj (__errno)
c:/progra~2/gnuarm~1/102021~1.10/bin/../lib/gcc/arm-none-eabi/10.3.1/../../../../arm-none-eabi/lib/thumb/v7e-m+fp/hard\libg.a(lib_a-exit.o)
                              c:/progra~2/gnuarm~1/102021~1.10/bin/../lib/gcc/arm-none-eabi/10.3.1/../../../../arm-none-eabi/lib/thumb/v7e-m+fp/hard/crt0.o (exit)
c:/progra~2/gnuarm~1/102021~1.10/bin/../lib/gcc/arm-none-eabi/10.3.1/../../../../arm-none-eabi/lib/thumb/v7e-m+fp/hard\libg.a(lib_a-impure.o)
                              c:/progra~2/gnuarm~1/102021~1.10/bin/../lib/gcc/arm-none-eabi/10.3.1/../../../../arm-none-eabi/lib/thumb/v7e-m+fp/hard\libg.a(lib_a-exit.o) (_global_impure_ptr)
c:/progra~2/gnuarm~1/102021~1.10/bin/../lib/gcc/arm-none-eabi/10.3.1/../../../../arm-none-eabi/lib/thumb/v7e-m+fp/hard\libg.a(lib_a-init.o)
                              c:/progra~2/gnuarm~1/102021~1.10/bin/../lib/gcc/arm-none-eabi/10.3.1/../../../../arm-none-eabi/lib/thumb/v7e-m+fp/hard/crt0.o (__libc_init_array)
c:/progra~2/gnuarm~1/102021~1.10/bin/../lib/gcc/arm-none-eabi/10.3.1/../../../../arm-none-eabi/lib/thumb/v7e-m+fp/hard\libg.a(lib_a-memcpy.o)
                              CMakeFiles/R1.elf.dir/Middlewares/Third_Party/FreeRTOS/Source/CMSIS_RTOS_V2/cmsis_os2.c.obj (memcpy)
c:/progra~2/gnuarm~1/102021~1.10/bin/../lib/gcc/arm-none-eabi/10.3.1/../../../../arm-none-eabi/lib/thumb/v7e-m+fp/hard\libg.a(lib_a-memset.o)
                              c:/progra~2/gnuarm~1/102021~1.10/bin/../lib/gcc/arm-none-eabi/10.3.1/../../../../arm-none-eabi/lib/thumb/v7e-m+fp/hard/crt0.o (memset)
c:/progra~2/gnuarm~1/102021~1.10/bin/../lib/gcc/arm-none-eabi/10.3.1/../../../../arm-none-eabi/lib/thumb/v7e-m+fp/hard\libg.a(lib_a-printf.o)
                              CMakeFiles/R1.elf.dir/Application/uart_task.c.obj (printf)
c:/progra~2/gnuarm~1/102021~1.10/bin/../lib/gcc/arm-none-eabi/10.3.1/../../../../arm-none-eabi/lib/thumb/v7e-m+fp/hard\libg.a(lib_a-puts.o)
                              CMakeFiles/R1.elf.dir/Core/Src/main.c.obj (puts)
c:/progra~2/gnuarm~1/102021~1.10/bin/../lib/gcc/arm-none-eabi/10.3.1/../../../../arm-none-eabi/lib/thumb/v7e-m+fp/hard\libg.a(lib_a-reent.o)
                              CMakeFiles/R1.elf.dir/Middlewares/Third_Party/FreeRTOS/Source/tasks.c.obj (_reclaim_reent)
c:/progra~2/gnuarm~1/102021~1.10/bin/../lib/gcc/arm-none-eabi/10.3.1/../../../../arm-none-eabi/lib/thumb/v7e-m+fp/hard\libg.a(lib_a-setvbuf.o)
[...]
Memory Configuration

Name             Origin             Length             Attributes
CCMRAM           0x10000000         0x00010000         xrw
RAM              0x20000000         0x00020000         xrw
FLASH            0x08000000         0x00100000         xr
*default*        0x00000000         0xffffffff

Linker script and memory map

LOAD c:/progra~2/gnuarm~1/102021~1.10/bin/../lib/gcc/arm-none-eabi/10.3.1/thumb/v7e-m+fp/hard/crti.o
LOAD c:/progra~2/gnuarm~1/102021~1.10/bin/../lib/gcc/arm-none-eabi/10.3.1/thumb/v7e-m+fp/hard/crtbegin.o
LOAD c:/progra~2/gnuarm~1/102021~1.10/bin/../lib/gcc/arm-none-eabi/10.3.1/../../../../arm-none-eabi/lib/thumb/v7e-m+fp/hard/crt0.o
LOAD CMakeFiles/R1.elf.dir/Application/pid_task.c.obj
LOAD CMakeFiles/R1.elf.dir/Application/uart_task.c.obj
LOAD CMakeFiles/R1.elf.dir/BSP/DJI_driver.c.obj
LOAD CMakeFiles/R1.elf.dir/BSP/my_can.c.obj
LOAD CMakeFiles/R1.elf.dir/Controller/PID.c.obj
LOAD CMakeFiles/R1.elf.dir/Controller/PID_Adjust.c.obj
LOAD CMakeFiles/R1.elf.dir/Core/Src/can.c.obj
LOAD CMakeFiles/R1.elf.dir/Core/Src/dma.c.obj
LOAD CMakeFiles/R1.elf.dir/Core/Src/freertos.c.obj
LOAD CMakeFiles/R1.elf.dir/Core/Src/gpio.c.obj
LOAD CMakeFiles/R1.elf.dir/Core/Src/main.c.obj
LOAD CMakeFiles/R1.elf.dir/Core/Src/stm32f4xx_hal_msp.c.obj
LOAD CMakeFiles/R1.elf.dir/Core/Src/stm32f4xx_hal_timebase_tim.c.obj
LOAD CMakeFiles/R1.elf.dir/Core/Src/stm32f4xx_it.c.obj
LOAD CMakeFiles/R1.elf.dir/Core/Src/syscalls.c.obj
LOAD CMakeFiles/R1.elf.dir/Core/Src/sysmem.c.obj
LOAD CMakeFiles/R1.elf.dir/Core/Src/system_stm32f4xx.c.obj
LOAD CMakeFiles/R1.elf.dir/Core/Src/tim.c.obj
LOAD CMakeFiles/R1.elf.dir/Core/Src/usart.c.obj
LOAD CMakeFiles/R1.elf.dir/Core/Startup/startup_stm32f405rgtx.s.obj
LOAD CMakeFiles/R1.elf.dir/Drivers/STM32F4xx_HAL_Driver/Src/stm32f4xx_hal.c.obj
LOAD CMakeFiles/R1.elf.dir/Drivers/STM32F4xx_HAL_Driver/Src/stm32f4xx_hal_can.c.obj
LOAD CMakeFiles/R1.elf.dir/Drivers/STM32F4xx_HAL_Driver/Src/stm32f4xx_hal_cortex.c.obj
LOAD CMakeFiles/R1.elf.dir/Drivers/STM32F4xx_HAL_Driver/Src/stm32f4xx_hal_dma.c.obj
LOAD CMakeFiles/R1.elf.dir/Drivers/STM32F4xx_HAL_Driver/Src/stm32f4xx_hal_dma_ex.c.obj
LOAD CMakeFiles/R1.elf.dir/Drivers/STM32F4xx_HAL_Driver/Src/stm32f4xx_hal_exti.c.obj
LOAD CMakeFiles/R1.elf.dir/Drivers/STM32F4xx_HAL_Driver/Src/stm32f4xx_hal_flash.c.obj
LOAD CMakeFiles/R1.elf.dir/Drivers/STM32F4xx_HAL_Driver/Src/stm32f4xx_hal_flash_ex.c.obj
LOAD CMakeFiles/R1.elf.dir/Drivers/STM32F4xx_HAL_Driver/Src/stm32f4xx_hal_flash_ramfunc.c.obj
LOAD CMakeFiles/R1.elf.dir/Drivers/STM32F4xx_HAL_Driver/Src/stm32f4xx_hal_gpio.c.obj
LOAD CMakeFiles/R1.elf.dir/Drivers/STM32F4xx_HAL_Driver/Src/stm32f4xx_hal_pwr.c.obj
LOAD CMakeFiles/R1.elf.dir/Drivers/STM32F4xx_HAL_Driver/Src/stm32f4xx_hal_pwr_ex.c.obj
LOAD CMakeFiles/R1.elf.dir/Drivers/STM32F4xx_HAL_Driver/Src/stm32f4xx_hal_rcc.c.obj
LOAD CMakeFiles/R1.elf.dir/Drivers/STM32F4xx_HAL_Driver/Src/stm32f4xx_hal_rcc_ex.c.obj
LOAD CMakeFiles/R1.elf.dir/Drivers/STM32F4xx_HAL_Driver/Src/stm32f4xx_hal_tim.c.obj
LOAD CMakeFiles/R1.elf.dir/Drivers/STM32F4xx_HAL_Driver/Src/stm32f4xx_hal_tim_ex.c.obj
LOAD CMakeFiles/R1.elf.dir/Drivers/STM32F4xx_HAL_Driver/Src/stm32f4xx_hal_uart.c.obj
LOAD CMakeFiles/R1.elf.dir/Middlewares/Third_Party/FreeRTOS/Source/CMSIS_RTOS_V2/cmsis_os2.c.obj
LOAD CMakeFiles/R1.elf.dir/Middlewares/Third_Party/FreeRTOS/Source/croutine.c.obj
LOAD CMakeFiles/R1.elf.dir/Middlewares/Third_Party/FreeRTOS/Source/event_groups.c.obj
LOAD CMakeFiles/R1.elf.dir/Middlewares/Third_Party/FreeRTOS/Source/list.c.obj
LOAD CMakeFiles/R1.elf.dir/Middlewares/Third_Party/FreeRTOS/Source/portable/GCC/ARM_CM4F/port.c.obj
LOAD CMakeFiles/R1.elf.dir/Middlewares/Third_Party/FreeRTOS/Source/portable/MemMang/heap_4.c.obj
LOAD CMakeFiles/R1.elf.dir/Middlewares/Third_Party/FreeRTOS/Source/queue.c.obj
LOAD CMakeFiles/R1.elf.dir/Middlewares/Third_Party/FreeRTOS/Source/stream_buffer.c.obj
LOAD CMakeFiles/R1.elf.dir/Middlewares/Third_Party/FreeRTOS/Source/tasks.c.obj
LOAD CMakeFiles/R1.elf.dir/Middlewares/Third_Party/FreeRTOS/Source/timers.c.obj
LOAD CMakeFiles/R1.elf.dir/PIDC1_stm32/PIDC1.c.obj
LOAD CMakeFiles/R1.elf.dir/PIDC_stm32/PIDC.c.obj
LOAD CMakeFiles/R1.elf.dir/PIDC_stm32/rtGetInf.c.obj
LOAD CMakeFiles/R1.elf.dir/PIDC_stm32/rtGetNaN.c.obj
LOAD CMakeFiles/R1.elf.dir/PIDC_stm32/rt_nonfinite.c.obj
LOAD CMakeFiles/R1.elf.dir/User/IRQ.c.obj
LOAD CMakeFiles/R1.elf.dir/User/Init.c.obj
LOAD CMakeFiles/R1.elf.dir/User/debug.c.obj
LOAD CMakeFiles/R1.elf.dir/User/retarget.c.obj
LOAD CMakeFiles/R1.elf.dir/User/robo.c.obj
START GROUP
LOAD c:/progra~2/gnuarm~1/102021~1.10/bin/../lib/gcc/arm-none-eabi/10.3.1/thumb/v7e-m+fp/hard\libgcc.a
LOAD c:/progra~2/gnuarm~1/102021~1.10/bin/../lib/gcc/arm-none-eabi/10.3.1/../../../../arm-none-eabi/lib/thumb/v7e-m+fp/hard\libg.a
LOAD c:/progra~2/gnuarm~1/102021~1.10/bin/../lib/gcc/arm-none-eabi/10.3.1/../../../../arm-none-eabi/lib/thumb/v7e-m+fp/hard\libc.a
END GROUP
LOAD c:/progra~2/gnuarm~1/102021~1.10/bin/../lib/gcc/arm-none-eabi/10.3.1/thumb/v7e-m+fp/hard/crtend.o
LOAD c:/progra~2/gnuarm~1/102021~1.10/bin/../lib/gcc/arm-none-eabi/10.3.1/thumb/v7e-m+fp/hard/crtn.o
                0x20020000                _estack = (ORIGIN (RAM) + LENGTH (RAM))
                0x00000200                _Min_Heap_Size = 0x200
                0x00000400                _Min_Stack_Size = 0x400

.isr_vector     0x08000000      0x188
                0x08000000                . = ALIGN (0x4)
 *(.isr_vector)
 .isr_vector    0x08000000      0x188 CMakeFiles/R1.elf.dir/Core/Startup/startup_stm32f405rgtx.s.obj
                0x08000000                g_pfnVectors
                0x08000188                . = ALIGN (0x4)

.text           0x080001c0     0xf62c
                0x080001c0                . = ALIGN (0x4)
 *(.text)
 .text          0x080001c0      0x378 c:/progra~2/gnuarm~1/102021~1.10/bin/../lib/gcc/arm-none-eabi/10.3.1/thumb/v7e-m+fp/hard\libgcc.a(_arm_addsubdf3.o)
                0x080001c0                __aeabi_drsub
                0x080001c8                __aeabi_dsub
                0x080001c8                __subdf3
                0x080001cc                __aeabi_dadd
                0x080001cc                __adddf3
                0x08000444                __floatunsidf
                0x08000444                __aeabi_ui2d
                0x08000464                __floatsidf
                0x08000464                __aeabi_i2d
                0x08000488                __aeabi_f2d
                0x08000488                __extendsfdf2
                0x080004cc                __floatundidf
                0x080004cc                __aeabi_ul2d
                0x080004dc                __floatdidf
                0x080004dc                __aeabi_l2d
 .text          0x08000538      0x424 c:/progra~2/gnuarm~1/102021~1.10/bin/../lib/gcc/arm-none-eabi/10.3.1/thumb/v7e-m+fp/hard\libgcc.a(_arm_muldivdf3.o)
                0x08000538                __aeabi_dmul
                0x08000538                __muldf3
                0x0800078c                __divdf3
                0x0800078c                __aeabi_ddiv
 .text          0x0800095c      0x110 c:/progra~2/gnuarm~1/102021~1.10/bin/../lib/gcc/arm-none-eabi/10.3.1/thumb/v7e-m+fp/hard\libgcc.a(_arm_cmpdf2.o)
                0x0800095c                __gtdf2
                0x0800095c                __gedf2
                0x08000964                __ltdf2
                0x08000964                __ledf2
                0x0800096c                __nedf2
                0x0800096c                __eqdf2
                0x0800096c                __cmpdf2
                0x080009e8                __aeabi_cdrcmple
                0x080009f8                __aeabi_cdcmpeq
                0x080009f8                __aeabi_cdcmple
                0x08000a08                __aeabi_dcmpeq
                0x08000a1c                __aeabi_dcmplt
                0x08000a30                __aeabi_dcmple
                0x08000a44                __aeabi_dcmpge
                0x08000a58                __aeabi_dcmpgt
 .text          0x08000a6c       0x50 c:/progra~2/gnuarm~1/102021~1.10/bin/../lib/gcc/arm-none-eabi/10.3.1/thumb/v7e-m+fp/hard\libgcc.a(_arm_fixdfsi.o)
                0x08000a6c                __aeabi_d2iz
                0x08000a6c                __fixdfsi
 .text          0x08000abc       0x40 c:/progra~2/gnuarm~1/102021~1.10/bin/../lib/gcc/arm-none-eabi/10.3.1/thumb/v7e-m+fp/hard\libgcc.a(_arm_fixunsdfsi.o)
                0x08000abc                __aeabi_d2uiz
                0x08000abc                __fixunsdfsi
 .text          0x08000afc       0xa0 c:/progra~2/gnuarm~1/102021~1.10/bin/../lib/gcc/arm-none-eabi/10.3.1/thumb/v7e-m+fp/hard\libgcc.a(_arm_truncdfsf2.o)
                0x08000afc                __truncdfsf2
                0x08000afc                __aeabi_d2f
 .text          0x08000b9c       0x30 c:/progra~2/gnuarm~1/102021~1.10/bin/../lib/gcc/arm-none-eabi/10.3.1/thumb/v7e-m+fp/hard\libgcc.a(_aeabi_uldivmod.o)
                0x08000b9c                __aeabi_uldivmod
 .text          0x08000bcc      0x2d0 c:/progra~2/gnuarm~1/102021~1.10/bin/../lib/gcc/arm-none-eabi/10.3.1/thumb/v7e-m+fp/hard\libgcc.a(_udivmoddi4.o)
                0x08000bcc                __udivmoddi4
 .text          0x08000e9c        0x4 c:/progra~2/gnuarm~1/102021~1.10/bin/../lib/gcc/arm-none-eabi/10.3.1/thumb/v7e-m+fp/hard\libgcc.a(_dvmd_tls.o)
                0x08000e9c                __aeabi_idiv0
                0x08000e9c                __aeabi_ldiv0
 .text          0x08000ea0      0x134 c:/progra~2/gnuarm~1/102021~1.10/bin/../lib/gcc/arm-none-eabi/10.3.1/../../../../arm-none-eabi/lib/thumb/v7e-m+fp/hard\libg.a(lib_a-memcpy.o)
                0x08000ea0                memcpy
 *fill*         0x08000fd4       0x2c 
 .text          0x08001000       0xdc c:/progra~2/gnuarm~1/102021~1.10/bin/../lib/gcc/arm-none-eabi/10.3.1/../../../../arm-none-eabi/lib/thumb/v7e-m+fp/hard\libg.a(lib_a-strlen.o)
                0x08001000                strlen
 *fill*         0x080010dc        0x4 
 .text          0x080010e0       0xa0 c:/progra~2/gnuarm~1/102021~1.10/bin/../lib/gcc/arm-none-eabi/10.3.1/../../../../arm-none-eabi/lib/thumb/v7e-m+fp/hard\libg.a(lib_a-memchr.o)
                0x080010e0                memchr
 .text          0x08001180       0x2c c:/progra~2/gnuarm~1/102021~1.10/bin/../lib/gcc/arm-none-eabi/10.3.1/thumb/v7e-m+fp/hard\libgcc.a(_arm_unorddf2.o)
                0x08001180                __unorddf2
                0x08001180                __aeabi_dcmpun
 .text          0x080011ac       0x30 c:/progra~2/gnuarm~1/102021~1.10/bin/../lib/gcc/arm-none-eabi/10.3.1/thumb/v7e-m+fp/hard\libgcc.a(_fixdfdi.o)
                0x080011ac                __fixdfdi
                0x080011ac                __aeabi_d2lz
 .text          0x080011dc       0x3c c:/progra~2/gnuarm~1/102021~1.10/bin/../lib/gcc/arm-none-eabi/10.3.1/thumb/v7e-m+fp/hard\libgcc.a(_fixunsdfdi.o)
                0x080011dc                __fixunsdfdi
                0x080011dc                __aeabi_d2ulz
 *(.text*)
 .text.Angle_Consecutive
                0x08001218       0x68 CMakeFiles/R1.elf.dir/Application/pid_task.c.obj
                0x08001218                Angle_Consecutive
 .text.pidc_task
                0x08001280      0x148 CMakeFiles/R1.elf.dir/Application/pid_task.c.obj
                0x08001280                pidc_task
 .text.uart_tx_task
                0x080013c8       0x4c CMakeFiles/R1.elf.dir/Application/uart_task.c.obj
                0x080013c8                uart_tx_task
 .text.uart_rx_task
                0x08001414       0x40 CMakeFiles/R1.elf.dir/Application/uart_task.c.obj
                0x08001414                uart_rx_task
 .text.GM3508_Current_Set
                0x08001454       0x64 CMakeFiles/R1.elf.dir/BSP/DJI_driver.c.obj
                0x08001454                GM3508_Current_Set
 .text.CAN_Init
                0x080014b8       0x2e CMakeFiles/R1.elf.dir/BSP/my_can.c.obj
                0x080014b8                CAN_Init
 .text.CAN_Transmit_DATA
                0x080014e6       0x20 CMakeFiles/R1.elf.dir/BSP/my_can.c.obj
                0x080014e6                CAN_Transmit_DATA
 .text.CAN_Filter_Mask_Config_32bit
                0x08001506       0x60 CMakeFiles/R1.elf.dir/BSP/my_can.c.obj
                0x08001506                CAN_Filter_Mask_Config_32bit
 *fill*         0x08001566        0x2 
 .text.PID_Init
                0x08001568       0x50 CMakeFiles/R1.elf.dir/Controller/PID.c.obj
                0x08001568                PID_Init
 .text.transfer
                0x080015b8       0x6e CMakeFiles/R1.elf.dir/Controller/PID.c.obj
                0x080015b8                transfer
 *fill*         0x08001626        0x2 
 .text.Get_Data
                0x08001628       0x88 CMakeFiles/R1.elf.dir/Controller/PID_Adjust.c.obj
                0x08001628                Get_Data
 .text.USART_PID_Adjust
                0x080016b0       0xf8 CMakeFiles/R1.elf.dir/Controller/PID_Adjust.c.obj
                0x080016b0                USART_PID_Adjust
 .text.MX_CAN1_Init
                0x080017a8       0x44 CMakeFiles/R1.elf.dir/Core/Src/can.c.obj
                0x080017a8                MX_CAN1_Init
 .text.HAL_CAN_MspInit
                0x080017ec       0xb0 CMakeFiles/R1.elf.dir/Core/Src/can.c.obj
                0x080017ec                HAL_CAN_MspInit
 .text.StartDefaultTask
                0x0800189c        0xa CMakeFiles/R1.elf.dir/Core/Src/freertos.c.obj
                0x0800189c                StartDefaultTask
 .text.pid_taskl
                0x080018a6       0x18 CMakeFiles/R1.elf.dir/Core/Src/freertos.c.obj
                0x080018a6                pid_taskl
 *fill*         0x080018be        0x2 
 .text.MX_FREERTOS_Init
                0x080018c0       0x9c CMakeFiles/R1.elf.dir/Core/Src/freertos.c.obj
                0x080018c0                MX_FREERTOS_Init
 .text.MX_GPIO_Init
                0x0800195c       0x90 CMakeFiles/R1.elf.dir/Core/Src/gpio.c.obj
                0x0800195c                MX_GPIO_Init
 .text.Error_Handler
                0x080019ec        0x4 CMakeFiles/R1.elf.dir/Core/Src/main.c.obj
                0x080019ec                Error_Handler
 .text.SystemClock_Config
                0x080019f0       0xac CMakeFiles/R1.elf.dir/Core/Src/main.c.obj
                0x080019f0                SystemClock_Config
 .text.main     0x08001a9c       0x44 CMakeFiles/R1.elf.dir/Core/Src/main.c.obj
                0x08001a9c                main
 .text.HAL_MspInit
                0x08001ae0       0x44 CMakeFiles/R1.elf.dir/Core/Src/stm32f4xx_hal_msp.c.obj
                0x08001ae0                HAL_MspInit
 .text.HAL_InitTick
                0x08001b24       0xa4 CMakeFiles/R1.elf.dir/Core/Src/stm32f4xx_hal_timebase_tim.c.obj
                0x08001b24                HAL_InitTick
 .text.NMI_Handler
                0x08001bc8        0x2 CMakeFiles/R1.elf.dir/Core/Src/stm32f4xx_it.c.obj
                0x08001bc8                NMI_Handler
 .text.HardFault_Handler
                0x08001bca        0x2 CMakeFiles/R1.elf.dir/Core/Src/stm32f4xx_it.c.obj
                0x08001bca                HardFault_Handler
 .text.MemManage_Handler
                0x08001bcc        0x2 CMakeFiles/R1.elf.dir/Core/Src/stm32f4xx_it.c.obj
                0x08001bcc                MemManage_Handler
 .text.BusFault_Handler
                0x08001bce        0x2 CMakeFiles/R1.elf.dir/Core/Src/stm32f4xx_it.c.obj
                0x08001bce                BusFault_Handler
 .text.UsageFault_Handler
                0x08001bd0        0x2 CMakeFiles/R1.elf.dir/Core/Src/stm32f4xx_it.c.obj
                0x08001bd0                UsageFault_Handler
 .text.DebugMon_Handler
                0x08001bd2        0x2 CMakeFiles/R1.elf.dir/Core/Src/stm32f4xx_it.c.obj
                0x08001bd2                DebugMon_Handler
 .text.CAN1_TX_IRQHandler
                0x08001bd4       0x10 CMakeFiles/R1.elf.dir/Core/Src/stm32f4xx_it.c.obj
                0x08001bd4                CAN1_TX_IRQHandler
 .text.CAN1_RX0_IRQHandler
                0x08001be4       0x10 CMakeFiles/R1.elf.dir/Core/Src/stm32f4xx_it.c.obj
                0x08001be4                CAN1_RX0_IRQHandler
 .text.CAN1_RX1_IRQHandler
                0x08001bf4       0x10 CMakeFiles/R1.elf.dir/Core/Src/stm32f4xx_it.c.obj
                0x08001bf4                CAN1_RX1_IRQHandler
 .text.CAN1_SCE_IRQHandler
                0x08001c04       0x10 CMakeFiles/R1.elf.dir/Core/Src/stm32f4xx_it.c.obj
                0x08001c04                CAN1_SCE_IRQHandler
 .text.TIM2_IRQHandler
                0x08001c14       0x10 CMakeFiles/R1.elf.dir/Core/Src/stm32f4xx_it.c.obj
                0x08001c14                TIM2_IRQHandler
 .text.TIM3_IRQHandler
                0x08001c24       0x10 CMakeFiles/R1.elf.dir/Core/Src/stm32f4xx_it.c.obj
                0x08001c24                TIM3_IRQHandler
 .text.UART5_IRQHandler
                0x08001c34       0x10 CMakeFiles/R1.elf.dir/Core/Src/stm32f4xx_it.c.obj
                0x08001c34                UART5_IRQHandler
 .text._getpid  0x08001c44        0x4 CMakeFiles/R1.elf.dir/Core/Src/syscalls.c.obj
                0x08001c44                _getpid
 .text._kill    0x08001c48       0x10 CMakeFiles/R1.elf.dir/Core/Src/syscalls.c.obj
                0x08001c48                _kill
 .text._exit    0x08001c58        0xc CMakeFiles/R1.elf.dir/Core/Src/syscalls.c.obj
                0x08001c58                _exit
 .text._sbrk    0x08001c64       0x48 CMakeFiles/R1.elf.dir/Core/Src/sysmem.c.obj
                0x08001c64                _sbrk
 .text.SystemInit
                0x08001cac       0x14 CMakeFiles/R1.elf.dir/Core/Src/system_stm32f4xx.c.obj
                0x08001cac                SystemInit
 .text.MX_TIM3_Init
                0x08001cc0       0x70 CMakeFiles/R1.elf.dir/Core/Src/tim.c.obj
                0x08001cc0                MX_TIM3_Init
 .text.HAL_TIM_Base_MspInit
                0x08001d30       0x40 CMakeFiles/R1.elf.dir/Core/Src/tim.c.obj
                0x08001d30                HAL_TIM_Base_MspInit
 .text.MX_UART5_Init
                0x08001d70       0x34 CMakeFiles/R1.elf.dir/Core/Src/usart.c.obj
                0x08001d70                MX_UART5_Init
 .text.HAL_UART_MspInit
                0x08001da4       0xac CMakeFiles/R1.elf.dir/Core/Src/usart.c.obj
                0x08001da4                HAL_UART_MspInit
 .text.Reset_Handler
                0x08001e50       0x50 CMakeFiles/R1.elf.dir/Core/Startup/startup_stm32f405rgtx.s.obj
                0x08001e50                Reset_Handler
 .text.Default_Handler
                0x08001ea0        0x2 CMakeFiles/R1.elf.dir/Core/Startup/startup_stm32f405rgtx.s.obj
                0x08001ea0                RTC_Alarm_IRQHandler
                0x08001ea0                HASH_RNG_IRQHandler
                0x08001ea0                EXTI2_IRQHandler
                0x08001ea0                TIM8_CC_IRQHandler
                0x08001ea0                TIM1_CC_IRQHandler
                0x08001ea0                DMA2_Stream5_IRQHandler
                0x08001ea0                DMA1_Stream5_IRQHandler
                0x08001ea0                PVD_IRQHandler
                0x08001ea0                SDIO_IRQHandler
                0x08001ea0                TAMP_STAMP_IRQHandler
                0x08001ea0                CAN2_RX1_IRQHandler
                0x08001ea0                EXTI3_IRQHandler
                0x08001ea0                TIM8_TRG_COM_TIM14_IRQHandler
                0x08001ea0                TIM1_UP_TIM10_IRQHandler
                0x08001ea0                TIM8_UP_TIM13_IRQHandler
                0x08001ea0                I2C3_ER_IRQHandler
                0x08001ea0                EXTI0_IRQHandler
                0x08001ea0                I2C2_EV_IRQHandler
                0x08001ea0                DMA1_Stream2_IRQHandler
                0x08001ea0                FPU_IRQHandler
                0x08001ea0                OTG_HS_WKUP_IRQHandler
                0x08001ea0                CAN2_SCE_IRQHandler
                0x08001ea0                DMA2_Stream2_IRQHandler
                0x08001ea0                SPI1_IRQHandler
                0x08001ea0                TIM6_DAC_IRQHandler
                0x08001ea0                TIM1_BRK_TIM9_IRQHandler
                0x08001ea0                CAN2_RX0_IRQHandler
                0x08001ea0                DMA2_Stream3_IRQHandler
                0x08001ea0                USART6_IRQHandler
                0x08001ea0                USART3_IRQHandler
                0x08001ea0                DMA2_Stream0_IRQHandler
                0x08001ea0                TIM4_IRQHandler
                0x08001ea0                I2C1_EV_IRQHandler
                0x08001ea0                DMA1_Stream6_IRQHandler
                0x08001ea0                DMA1_Stream1_IRQHandler
                0x08001ea0                UART4_IRQHandler
                0x08001ea0                RCC_IRQHandler
                0x08001ea0                TIM8_BRK_TIM12_IRQHandler
                0x08001ea0                Default_Handler
                0x08001ea0                EXTI15_10_IRQHandler
                0x08001ea0                ADC_IRQHandler
                0x08001ea0                DMA1_Stream7_IRQHandler
                0x08001ea0                TIM7_IRQHandler
                0x08001ea0                CAN2_TX_IRQHandler
                0x08001ea0                TIM5_IRQHandler
                0x08001ea0                DMA2_Stream7_IRQHandler
                0x08001ea0                I2C3_EV_IRQHandler
                0x08001ea0                EXTI9_5_IRQHandler
                0x08001ea0                RTC_WKUP_IRQHandler
                0x08001ea0                SPI2_IRQHandler
                0x08001ea0                OTG_HS_EP1_IN_IRQHandler
                0x08001ea0                DMA1_Stream0_IRQHandler
                0x08001ea0                EXTI4_IRQHandler
                0x08001ea0                FSMC_IRQHandler
                0x08001ea0                OTG_HS_EP1_OUT_IRQHandler
                0x08001ea0                WWDG_IRQHandler
                0x08001ea0                OTG_FS_WKUP_IRQHandler
                0x08001ea0                TIM1_TRG_COM_TIM11_IRQHandler
                0x08001ea0                OTG_HS_IRQHandler
                0x08001ea0                EXTI1_IRQHandler
                0x08001ea0                USART2_IRQHandler
                0x08001ea0                I2C2_ER_IRQHandler
                0x08001ea0                DMA2_Stream1_IRQHandler
                0x08001ea0                FLASH_IRQHandler
                0x08001ea0                DMA2_Stream4_IRQHandler
                0x08001ea0                USART1_IRQHandler
                0x08001ea0                OTG_FS_IRQHandler
                0x08001ea0                SPI3_IRQHandler
                0x08001ea0                DMA1_Stream4_IRQHandler
                0x08001ea0                I2C1_ER_IRQHandler
                0x08001ea0                DMA2_Stream6_IRQHandler
                0x08001ea0                DMA1_Stream3_IRQHandler
 *fill*         0x08001ea2        0x2 
 .text.HAL_Init
                0x08001ea4       0x34 CMakeFiles/R1.elf.dir/Drivers/STM32F4xx_HAL_Driver/Src/stm32f4xx_hal.c.obj
                0x08001ea4                HAL_Init
 .text.HAL_IncTick
                0x08001ed8       0x18 CMakeFiles/R1.elf.dir/Drivers/STM32F4xx_HAL_Driver/Src/stm32f4xx_hal.c.obj
                0x08001ed8                HAL_IncTick
 .text.HAL_GetTick
                0x08001ef0        0xc CMakeFiles/R1.elf.dir/Drivers/STM32F4xx_HAL_Driver/Src/stm32f4xx_hal.c.obj
                0x08001ef0                HAL_GetTick
 .text.HAL_Delay
                0x08001efc       0x28 CMakeFiles/R1.elf.dir/Drivers/STM32F4xx_HAL_Driver/Src/stm32f4xx_hal.c.obj
                0x08001efc                HAL_Delay
 .text.HAL_CAN_Init
                0x08001f24      0x14c CMakeFiles/R1.elf.dir/Drivers/STM32F4xx_HAL_Driver/Src/stm32f4xx_hal_can.c.obj
                0x08001f24                HAL_CAN_Init
 .text.HAL_CAN_ConfigFilter
                0x08002070      0x138 CMakeFiles/R1.elf.dir/Drivers/STM32F4xx_HAL_Driver/Src/stm32f4xx_hal_can.c.obj
                0x08002070                HAL_CAN_ConfigFilter
 .text.HAL_CAN_Start
                0x080021a8       0x5c CMakeFiles/R1.elf.dir/Drivers/STM32F4xx_HAL_Driver/Src/stm32f4xx_hal_can.c.obj
                0x080021a8                HAL_CAN_Start
 .text.HAL_CAN_AddTxMessage
                0x08002204       0xea CMakeFiles/R1.elf.dir/Drivers/STM32F4xx_HAL_Driver/Src/stm32f4xx_hal_can.c.obj
                0x08002204                HAL_CAN_AddTxMessage
 .text.HAL_CAN_GetRxMessage
                0x080022ee      0x16a CMakeFiles/R1.elf.dir/Drivers/STM32F4xx_HAL_Driver/Src/stm32f4xx_hal_can.c.obj
                0x080022ee                HAL_CAN_GetRxMessage
 .text.HAL_CAN_ActivateNotification
                0x08002458       0x24 CMakeFiles/R1.elf.dir/Drivers/STM32F4xx_HAL_Driver/Src/stm32f4xx_hal_can.c.obj
                0x08002458                HAL_CAN_ActivateNotification
 .text.HAL_CAN_TxMailbox0CompleteCallback
                0x0800247c        0x2 CMakeFiles/R1.elf.dir/Drivers/STM32F4xx_HAL_Driver/Src/stm32f4xx_hal_can.c.obj
                0x0800247c                HAL_CAN_TxMailbox0CompleteCallback
 .text.HAL_CAN_TxMailbox1CompleteCallback
                0x0800247e        0x2 CMakeFiles/R1.elf.dir/Drivers/STM32F4xx_HAL_Driver/Src/stm32f4xx_hal_can.c.obj
                0x0800247e                HAL_CAN_TxMailbox1CompleteCallback
 .text.HAL_CAN_TxMailbox2CompleteCallback
                0x08002480        0x2 CMakeFiles/R1.elf.dir/Drivers/STM32F4xx_HAL_Driver/Src/stm32f4xx_hal_can.c.obj
                0x08002480                HAL_CAN_TxMailbox2CompleteCallback
 .text.HAL_CAN_TxMailbox0AbortCallback
                0x08002482        0x2 CMakeFiles/R1.elf.dir/Drivers/STM32F4xx_HAL_Driver/Src/stm32f4xx_hal_can.c.obj
                0x08002482                HAL_CAN_TxMailbox0AbortCallback
 .text.HAL_CAN_TxMailbox1AbortCallback
                0x08002484        0x2 CMakeFiles/R1.elf.dir/Drivers/STM32F4xx_HAL_Driver/Src/stm32f4xx_hal_can.c.obj
                0x08002484                HAL_CAN_TxMailbox1AbortCallback
 .text.HAL_CAN_TxMailbox2AbortCallback
                0x08002486        0x2 CMakeFiles/R1.elf.dir/Drivers/STM32F4xx_HAL_Driver/Src/stm32f4xx_hal_can.c.obj
                0x08002486                HAL_CAN_TxMailbox2AbortCallback
 .text.HAL_CAN_RxFifo0FullCallback
                0x08002488        0x2 CMakeFiles/R1.elf.dir/Drivers/STM32F4xx_HAL_Driver/Src/stm32f4xx_hal_can.c.obj
                0x08002488                HAL_CAN_RxFifo0FullCallback
 .text.HAL_CAN_RxFifo1MsgPendingCallback
                0x0800248a        0x2 CMakeFiles/R1.elf.dir/Drivers/STM32F4xx_HAL_Driver/Src/stm32f4xx_hal_can.c.obj
                0x0800248a                HAL_CAN_RxFifo1MsgPendingCallback
 .text.HAL_CAN_RxFifo1FullCallback
                0x0800248c        0x2 CMakeFiles/R1.elf.dir/Drivers/STM32F4xx_HAL_Driver/Src/stm32f4xx_hal_can.c.obj
                0x0800248c                HAL_CAN_RxFifo1FullCallback
 .text.HAL_CAN_SleepCallback
                0x0800248e        0x2 CMakeFiles/R1.elf.dir/Drivers/STM32F4xx_HAL_Driver/Src/stm32f4xx_hal_can.c.obj
                0x0800248e                HAL_CAN_SleepCallback
 .text.HAL_CAN_WakeUpFromRxMsgCallback
                0x08002490        0x2 CMakeFiles/R1.elf.dir/Drivers/STM32F4xx_HAL_Driver/Src/stm32f4xx_hal_can.c.obj
                0x08002490                HAL_CAN_WakeUpFromRxMsgCallback
 .text.HAL_CAN_ErrorCallback
                0x08002492        0x2 CMakeFiles/R1.elf.dir/Drivers/STM32F4xx_HAL_Driver/Src/stm32f4xx_hal_can.c.obj
                0x08002492                HAL_CAN_ErrorCallback
 .text.HAL_CAN_IRQHandler
                0x08002494      0x24a CMakeFiles/R1.elf.dir/Drivers/STM32F4xx_HAL_Driver/Src/stm32f4xx_hal_can.c.obj
                0x08002494                HAL_CAN_IRQHandler
 *fill*         0x080026de        0x2 
 .text.HAL_NVIC_SetPriorityGrouping
                0x080026e0       0x24 CMakeFiles/R1.elf.dir/Drivers/STM32F4xx_HAL_Driver/Src/stm32f4xx_hal_cortex.c.obj
                0x080026e0                HAL_NVIC_SetPriorityGrouping
 .text.HAL_NVIC_SetPriority
                0x08002704       0x70 CMakeFiles/R1.elf.dir/Drivers/STM32F4xx_HAL_Driver/Src/stm32f4xx_hal_cortex.c.obj
                0x08002704                HAL_NVIC_SetPriority
 .text.HAL_NVIC_EnableIRQ
                0x08002774       0x1c CMakeFiles/R1.elf.dir/Drivers/STM32F4xx_HAL_Driver/Src/stm32f4xx_hal_cortex.c.obj
                0x08002774                HAL_NVIC_EnableIRQ
 .text.HAL_DMA_Abort
                0x08002790       0x94 CMakeFiles/R1.elf.dir/Drivers/STM32F4xx_HAL_Driver/Src/stm32f4xx_hal_dma.c.obj
                0x08002790                HAL_DMA_Abort
 .text.HAL_DMA_Abort_IT
                0x08002824       0x26 CMakeFiles/R1.elf.dir/Drivers/STM32F4xx_HAL_Driver/Src/stm32f4xx_hal_dma.c.obj
                0x08002824                HAL_DMA_Abort_IT
 *fill*         0x0800284a        0x2 
 .text.HAL_GPIO_Init
                0x0800284c      0x1e4 CMakeFiles/R1.elf.dir/Drivers/STM32F4xx_HAL_Driver/Src/stm32f4xx_hal_gpio.c.obj
                0x0800284c                HAL_GPIO_Init
 .text.HAL_GPIO_WritePin
                0x08002a30        0xc CMakeFiles/R1.elf.dir/Drivers/STM32F4xx_HAL_Driver/Src/stm32f4xx_hal_gpio.c.obj
                0x08002a30                HAL_GPIO_WritePin
 .text.HAL_GPIO_TogglePin
                0x08002a3c       0x12 CMakeFiles/R1.elf.dir/Drivers/STM32F4xx_HAL_Driver/Src/stm32f4xx_hal_gpio.c.obj
                0x08002a3c                HAL_GPIO_TogglePin
 *fill*         0x08002a4e        0x2 
 .text.HAL_RCC_OscConfig
                0x08002a50      0x3f8 CMakeFiles/R1.elf.dir/Drivers/STM32F4xx_HAL_Driver/Src/stm32f4xx_hal_rcc.c.obj
                0x08002a50                HAL_RCC_OscConfig
 .text.HAL_RCC_GetSysClockFreq
                0x08002e48       0xd4 CMakeFiles/R1.elf.dir/Drivers/STM32F4xx_HAL_Driver/Src/stm32f4xx_hal_rcc.c.obj
                0x08002e48                HAL_RCC_GetSysClockFreq
 .text.HAL_RCC_ClockConfig
                0x08002f1c      0x160 CMakeFiles/R1.elf.dir/Drivers/STM32F4xx_HAL_Driver/Src/stm32f4xx_hal_rcc.c.obj
                0x08002f1c                HAL_RCC_ClockConfig
 .text.HAL_RCC_GetHCLKFreq
                0x0800307c        0xc CMakeFiles/R1.elf.dir/Drivers/STM32F4xx_HAL_Driver/Src/stm32f4xx_hal_rcc.c.obj
                0x0800307c                HAL_RCC_GetHCLKFreq
 .text.HAL_RCC_GetPCLK1Freq
                0x08003088       0x20 CMakeFiles/R1.elf.dir/Drivers/STM32F4xx_HAL_Driver/Src/stm32f4xx_hal_rcc.c.obj
                0x08003088                HAL_RCC_GetPCLK1Freq
 .text.HAL_RCC_GetPCLK2Freq
                0x080030a8       0x20 CMakeFiles/R1.elf.dir/Drivers/STM32F4xx_HAL_Driver/Src/stm32f4xx_hal_rcc.c.obj
                0x080030a8                HAL_RCC_GetPCLK2Freq
 .text.HAL_RCC_GetClockConfig
                0x080030c8       0x3c CMakeFiles/R1.elf.dir/Drivers/STM32F4xx_HAL_Driver/Src/stm32f4xx_hal_rcc.c.obj
                0x080030c8                HAL_RCC_GetClockConfig
 .text.TIM_TI1_ConfigInputStage
                0x08003104       0x26 CMakeFiles/R1.elf.dir/Drivers/STM32F4xx_HAL_Driver/Src/stm32f4xx_hal_tim.c.obj
 .text.TIM_TI2_ConfigInputStage
                0x0800312a       0x28 CMakeFiles/R1.elf.dir/Drivers/STM32F4xx_HAL_Driver/Src/stm32f4xx_hal_tim.c.obj
 .text.TIM_ITRx_SetConfig
                0x08003152       0x10 CMakeFiles/R1.elf.dir/Drivers/STM32F4xx_HAL_Driver/Src/stm32f4xx_hal_tim.c.obj
 *fill*         0x08003162        0x2 
 .text.HAL_TIM_Base_Start_IT
                0x08003164       0x88 CMakeFiles/R1.elf.dir/Drivers/STM32F4xx_HAL_Driver/Src/stm32f4xx_hal_tim.c.obj
                0x08003164                HAL_TIM_Base_Start_IT
 .text.HAL_TIM_OC_DelayElapsedCallback
                0x080031ec        0x2 CMakeFiles/R1.elf.dir/Drivers/STM32F4xx_HAL_Driver/Src/stm32f4xx_hal_tim.c.obj
                0x080031ec                HAL_TIM_OC_DelayElapsedCallback
 .text.HAL_TIM_IC_CaptureCallback
                0x080031ee        0x2 CMakeFiles/R1.elf.dir/Drivers/STM32F4xx_HAL_Driver/Src/stm32f4xx_hal_tim.c.obj
                0x080031ee                HAL_TIM_IC_CaptureCallback
 .text.HAL_TIM_PWM_PulseFinishedCallback
                0x080031f0        0x2 CMakeFiles/R1.elf.dir/Drivers/STM32F4xx_HAL_Driver/Src/stm32f4xx_hal_tim.c.obj
                0x080031f0                HAL_TIM_PWM_PulseFinishedCallback
 .text.HAL_TIM_TriggerCallback
                0x080031f2        0x2 CMakeFiles/R1.elf.dir/Drivers/STM32F4xx_HAL_Driver/Src/stm32f4xx_hal_tim.c.obj
                0x080031f2                HAL_TIM_TriggerCallback
 .text.HAL_TIM_IRQHandler
                0x080031f4      0x15e CMakeFiles/R1.elf.dir/Drivers/STM32F4xx_HAL_Driver/Src/stm32f4xx_hal_tim.c.obj
                0x080031f4                HAL_TIM_IRQHandler
 *fill*         0x08003352        0x2 
 .text.TIM_Base_SetConfig
                0x08003354       0xd8 CMakeFiles/R1.elf.dir/Drivers/STM32F4xx_HAL_Driver/Src/stm32f4xx_hal_tim.c.obj
                0x08003354                TIM_Base_SetConfig
 .text.HAL_TIM_Base_Init
                0x0800342c       0x58 CMakeFiles/R1.elf.dir/Drivers/STM32F4xx_HAL_Driver/Src/stm32f4xx_hal_tim.c.obj
                0x0800342c                HAL_TIM_Base_Init
 .text.TIM_ETR_SetConfig
                0x08003484       0x1a CMakeFiles/R1.elf.dir/Drivers/STM32F4xx_HAL_Driver/Src/stm32f4xx_hal_tim.c.obj
                0x08003484                TIM_ETR_SetConfig
 .text.HAL_TIM_ConfigClockSource
                0x0800349e       0xfe CMakeFiles/R1.elf.dir/Drivers/STM32F4xx_HAL_Driver/Src/stm32f4xx_hal_tim.c.obj
                0x0800349e                HAL_TIM_ConfigClockSource
 .text.HAL_TIMEx_MasterConfigSynchronization
                0x0800359c       0x8c CMakeFiles/R1.elf.dir/Drivers/STM32F4xx_HAL_Driver/Src/stm32f4xx_hal_tim_ex.c.obj
                0x0800359c                HAL_TIMEx_MasterConfigSynchronization
 .text.HAL_TIMEx_CommutCallback
                0x08003628        0x2 CMakeFiles/R1.elf.dir/Drivers/STM32F4xx_HAL_Driver/Src/stm32f4xx_hal_tim_ex.c.obj
                0x08003628                HAL_TIMEx_CommutCallback
 .text.HAL_TIMEx_BreakCallback
                0x0800362a        0x2 CMakeFiles/R1.elf.dir/Drivers/STM32F4xx_HAL_Driver/Src/stm32f4xx_hal_tim_ex.c.obj
                0x0800362a                HAL_TIMEx_BreakCallback
 .text.UART_EndRxTransfer
                0x0800362c       0x5c CMakeFiles/R1.elf.dir/Drivers/STM32F4xx_HAL_Driver/Src/stm32f4xx_hal_uart.c.obj
 .text.UART_Transmit_IT
                0x08003688       0x60 CMakeFiles/R1.elf.dir/Drivers/STM32F4xx_HAL_Driver/Src/stm32f4xx_hal_uart.c.obj
 .text.UART_SetConfig
                0x080036e8      0x110 CMakeFiles/R1.elf.dir/Drivers/STM32F4xx_HAL_Driver/Src/stm32f4xx_hal_uart.c.obj
 .text.UART_WaitOnFlagUntilTimeout
                0x080037f8       0x8a CMakeFiles/R1.elf.dir/Drivers/STM32F4xx_HAL_Driver/Src/stm32f4xx_hal_uart.c.obj
 .text.HAL_UART_Init
                0x08003882       0x60 CMakeFiles/R1.elf.dir/Drivers/STM32F4xx_HAL_Driver/Src/stm32f4xx_hal_uart.c.obj
                0x08003882                HAL_UART_Init
 .text.HAL_UART_Transmit
                0x080038e2       0xcc CMakeFiles/R1.elf.dir/Drivers/STM32F4xx_HAL_Driver/Src/stm32f4xx_hal_uart.c.obj
                0x080038e2                HAL_UART_Transmit
 .text.HAL_UART_Receive
                0x080039ae       0xd2 CMakeFiles/R1.elf.dir/Drivers/STM32F4xx_HAL_Driver/Src/stm32f4xx_hal_uart.c.obj
                0x080039ae                HAL_UART_Receive
 .text.HAL_UART_TxCpltCallback
                0x08003a80        0x2 CMakeFiles/R1.elf.dir/Drivers/STM32F4xx_HAL_Driver/Src/stm32f4xx_hal_uart.c.obj
                0x08003a80                HAL_UART_TxCpltCallback
 .text.UART_EndTransmit_IT
                0x08003a82       0x1a CMakeFiles/R1.elf.dir/Drivers/STM32F4xx_HAL_Driver/Src/stm32f4xx_hal_uart.c.obj
 .text.HAL_UART_ErrorCallback
                0x08003a9c        0x2 CMakeFiles/R1.elf.dir/Drivers/STM32F4xx_HAL_Driver/Src/stm32f4xx_hal_uart.c.obj
                0x08003a9c                HAL_UART_ErrorCallback
 .text.UART_DMAAbortOnError
                0x08003a9e       0x10 CMakeFiles/R1.elf.dir/Drivers/STM32F4xx_HAL_Driver/Src/stm32f4xx_hal_uart.c.obj
 .text.HAL_UARTEx_RxEventCallback
                0x08003aae        0x2 CMakeFiles/R1.elf.dir/Drivers/STM32F4xx_HAL_Driver/Src/stm32f4xx_hal_uart.c.obj
                0x08003aae                HAL_UARTEx_RxEventCallback
 .text.UART_Receive_IT
                0x08003ab0       0xe6 CMakeFiles/R1.elf.dir/Drivers/STM32F4xx_HAL_Driver/Src/stm32f4xx_hal_uart.c.obj
 *fill*         0x08003b96        0x2 
 .text.HAL_UART_IRQHandler
                0x08003b98      0x288 CMakeFiles/R1.elf.dir/Drivers/STM32F4xx_HAL_Driver/Src/stm32f4xx_hal_uart.c.obj
                0x08003b98                HAL_UART_IRQHandler
 .text.UART_Start_Receive_IT
                0x08003e20       0x36 CMakeFiles/R1.elf.dir/Drivers/STM32F4xx_HAL_Driver/Src/stm32f4xx_hal_uart.c.obj
                0x08003e20                UART_Start_Receive_IT
 .text.HAL_UART_Receive_IT
                0x08003e56       0x26 CMakeFiles/R1.elf.dir/Drivers/STM32F4xx_HAL_Driver/Src/stm32f4xx_hal_uart.c.obj
                0x08003e56                HAL_UART_Receive_IT
 .text.SysTick_Handler
                0x08003e7c       0x18 CMakeFiles/R1.elf.dir/Middlewares/Third_Party/FreeRTOS/Source/CMSIS_RTOS_V2/cmsis_os2.c.obj
                0x08003e7c                SysTick_Handler
 .text.osKernelInitialize
                0x08003e94       0x24 CMakeFiles/R1.elf.dir/Middlewares/Third_Party/FreeRTOS/Source/CMSIS_RTOS_V2/cmsis_os2.c.obj
                0x08003e94                osKernelInitialize
 .text.osKernelStart
                0x08003eb8       0x38 CMakeFiles/R1.elf.dir/Middlewares/Third_Party/FreeRTOS/Source/CMSIS_RTOS_V2/cmsis_os2.c.obj
                0x08003eb8                osKernelStart
 .text.osThreadNew
                0x08003ef0       0xbe CMakeFiles/R1.elf.dir/Middlewares/Third_Party/FreeRTOS/Source/CMSIS_RTOS_V2/cmsis_os2.c.obj
                0x08003ef0                osThreadNew
 .text.osDelay  0x08003fae       0x1c CMakeFiles/R1.elf.dir/Middlewares/Third_Party/FreeRTOS/Source/CMSIS_RTOS_V2/cmsis_os2.c.obj
                0x08003fae                osDelay
 *fill*         0x08003fca        0x2 
 .text.vApplicationGetIdleTaskMemory
                0x08003fcc       0x18 CMakeFiles/R1.elf.dir/Middlewares/Third_Party/FreeRTOS/Source/CMSIS_RTOS_V2/cmsis_os2.c.obj
                0x08003fcc                vApplicationGetIdleTaskMemory
 .text.vApplicationGetTimerTaskMemory
                0x08003fe4       0x18 CMakeFiles/R1.elf.dir/Middlewares/Third_Party/FreeRTOS/Source/CMSIS_RTOS_V2/cmsis_os2.c.obj
                0x08003fe4                vApplicationGetTimerTaskMemory
 .text.vListInitialise
                0x08003ffc       0x16 CMakeFiles/R1.elf.dir/Middlewares/Third_Party/FreeRTOS/Source/list.c.obj
                0x08003ffc                vListInitialise
 .text.vListInitialiseItem
                0x08004012        0x6 CMakeFiles/R1.elf.dir/Middlewares/Third_Party/FreeRTOS/Source/list.c.obj
                0x08004012                vListInitialiseItem
 .text.vListInsertEnd
                0x08004018       0x16 CMakeFiles/R1.elf.dir/Middlewares/Third_Party/FreeRTOS/Source/list.c.obj
                0x08004018                vListInsertEnd
 .text.vListInsert
                0x0800402e       0x32 CMakeFiles/R1.elf.dir/Middlewares/Third_Party/FreeRTOS/Source/list.c.obj
                0x0800402e                vListInsert
 .text.uxListRemove
                0x08004060       0x26 CMakeFiles/R1.elf.dir/Middlewares/Third_Party/FreeRTOS/Source/list.c.obj
                0x08004060                uxListRemove
 *fill*         0x08004086        0x2 
 .text.prvTaskExitError
                0x08004088       0x40 CMakeFiles/R1.elf.dir/Middlewares/Third_Party/FreeRTOS/Source/portable/GCC/ARM_CM4F/port.c.obj
 .text.prvPortStartFirstTask
                0x080040c8       0x28 CMakeFiles/R1.elf.dir/Middlewares/Third_Party/FreeRTOS/Source/portable/GCC/ARM_CM4F/port.c.obj
 .text.vPortEnableVFP
                0x080040f0       0x14 CMakeFiles/R1.elf.dir/Middlewares/Third_Party/FreeRTOS/Source/portable/GCC/ARM_CM4F/port.c.obj
 .text.pxPortInitialiseStack
                0x08004104       0x2c CMakeFiles/R1.elf.dir/Middlewares/Third_Party/FreeRTOS/Source/portable/GCC/ARM_CM4F/port.c.obj
                0x08004104                pxPortInitialiseStack
 .text.SVC_Handler
                0x08004130       0x24 CMakeFiles/R1.elf.dir/Middlewares/Third_Party/FreeRTOS/Source/portable/GCC/ARM_CM4F/port.c.obj
                0x08004130                SVC_Handler
 .text.vPortEnterCritical
                0x08004154       0x44 CMakeFiles/R1.elf.dir/Middlewares/Third_Party/FreeRTOS/Source/portable/GCC/ARM_CM4F/port.c.obj
                0x08004154                vPortEnterCritical
 .text.vPortExitCritical
                0x08004198       0x2c CMakeFiles/R1.elf.dir/Middlewares/Third_Party/FreeRTOS/Source/portable/GCC/ARM_CM4F/port.c.obj
                0x08004198                vPortExitCritical
 *fill*         0x080041c4        0xc 
 .text.PendSV_Handler
                0x080041d0       0x64 CMakeFiles/R1.elf.dir/Middlewares/Third_Party/FreeRTOS/Source/portable/GCC/ARM_CM4F/port.c.obj
                0x080041d0                PendSV_Handler
 .text.xPortSysTickHandler
                0x08004234       0x2c CMakeFiles/R1.elf.dir/Middlewares/Third_Party/FreeRTOS/Source/portable/GCC/ARM_CM4F/port.c.obj
                0x08004234                xPortSysTickHandler
 .text.vPortSetupTimerInterrupt
                0x08004260       0x28 CMakeFiles/R1.elf.dir/Middlewares/Third_Party/FreeRTOS/Source/portable/GCC/ARM_CM4F/port.c.obj
                0x08004260                vPortSetupTimerInterrupt
 .text.xPortStartScheduler
                0x08004288      0x118 CMakeFiles/R1.elf.dir/Middlewares/Third_Party/FreeRTOS/Source/portable/GCC/ARM_CM4F/port.c.obj
                0x08004288                xPortStartScheduler
 .text.vPortValidateInterruptPriority
                0x080043a0       0x5c CMakeFiles/R1.elf.dir/Middlewares/Third_Party/FreeRTOS/Source/portable/GCC/ARM_CM4F/port.c.obj
                0x080043a0                vPortValidateInterruptPriority
 .text.prvHeapInit
                0x080043fc       0x64 CMakeFiles/R1.elf.dir/Middlewares/Third_Party/FreeRTOS/Source/portable/MemMang/heap_4.c.obj
 .text.prvInsertBlockIntoFreeList
                0x08004460       0x64 CMakeFiles/R1.elf.dir/Middlewares/Third_Party/FreeRTOS/Source/portable/MemMang/heap_4.c.obj
 .text.pvPortMalloc
                0x080044c4       0xfc CMakeFiles/R1.elf.dir/Middlewares/Third_Party/FreeRTOS/Source/portable/MemMang/heap_4.c.obj
                0x080044c4                pvPortMalloc
 .text.vPortFree
                0x080045c0       0x7c CMakeFiles/R1.elf.dir/Middlewares/Third_Party/FreeRTOS/Source/portable/MemMang/heap_4.c.obj
                0x080045c0                vPortFree
 .text.prvGetDisinheritPriorityAfterTimeout
                0x0800463c       0x10 CMakeFiles/R1.elf.dir/Middlewares/Third_Party/FreeRTOS/Source/queue.c.obj
 .text.prvIsQueueFull
                0x0800464c       0x1e CMakeFiles/R1.elf.dir/Middlewares/Third_Party/FreeRTOS/Source/queue.c.obj
 .text.prvIsQueueEmpty
                0x0800466a       0x1a CMakeFiles/R1.elf.dir/Middlewares/Third_Party/FreeRTOS/Source/queue.c.obj
 .text.prvCopyDataToQueue
                0x08004684       0x76 CMakeFiles/R1.elf.dir/Middlewares/Third_Party/FreeRTOS/Source/queue.c.obj
 .text.prvCopyDataFromQueue
                0x080046fa       0x24 CMakeFiles/R1.elf.dir/Middlewares/Third_Party/FreeRTOS/Source/queue.c.obj
 .text.prvUnlockQueue
                0x0800471e       0x6e CMakeFiles/R1.elf.dir/Middlewares/Third_Party/FreeRTOS/Source/queue.c.obj
 .text.xQueueGenericReset
                0x0800478c       0x84 CMakeFiles/R1.elf.dir/Middlewares/Third_Party/FreeRTOS/Source/queue.c.obj
                0x0800478c                xQueueGenericReset
 .text.prvInitialiseNewQueue
                0x08004810       0x22 CMakeFiles/R1.elf.dir/Middlewares/Third_Party/FreeRTOS/Source/queue.c.obj
 .text.xQueueGenericCreateStatic
                0x08004832       0x94 CMakeFiles/R1.elf.dir/Middlewares/Third_Party/FreeRTOS/Source/queue.c.obj
                0x08004832                xQueueGenericCreateStatic
 .text.xQueueGenericCreate
                0x080048c6       0x48 CMakeFiles/R1.elf.dir/Middlewares/Third_Party/FreeRTOS/Source/queue.c.obj
                0x080048c6                xQueueGenericCreate
 .text.xQueueGenericSend
                0x0800490e      0x188 CMakeFiles/R1.elf.dir/Middlewares/Third_Party/FreeRTOS/Source/queue.c.obj
                0x0800490e                xQueueGenericSend
 .text.xQueueGenericSendFromISR
                0x08004a96       0xce CMakeFiles/R1.elf.dir/Middlewares/Third_Party/FreeRTOS/Source/queue.c.obj
                0x08004a96                xQueueGenericSendFromISR
 .text.xQueueGiveFromISR
                0x08004b64       0xb2 CMakeFiles/R1.elf.dir/Middlewares/Third_Party/FreeRTOS/Source/queue.c.obj
                0x08004b64                xQueueGiveFromISR
 .text.xQueueReceive
                0x08004c16      0x15e CMakeFiles/R1.elf.dir/Middlewares/Third_Party/FreeRTOS/Source/queue.c.obj
                0x08004c16                xQueueReceive
 .text.xQueueSemaphoreTake
                0x08004d74      0x1a6 CMakeFiles/R1.elf.dir/Middlewares/Third_Party/FreeRTOS/Source/queue.c.obj
                0x08004d74                xQueueSemaphoreTake
 *fill*         0x08004f1a        0x2 
 .text.vQueueAddToRegistry
                0x08004f1c       0x28 CMakeFiles/R1.elf.dir/Middlewares/Third_Party/FreeRTOS/Source/queue.c.obj
                0x08004f1c                vQueueAddToRegistry
 .text.vQueueWaitForMessageRestricted
                0x08004f44       0x52 CMakeFiles/R1.elf.dir/Middlewares/Third_Party/FreeRTOS/Source/queue.c.obj
                0x08004f44                vQueueWaitForMessageRestricted
 *fill*         0x08004f96        0x2 
 .text.prvResetNextTaskUnblockTime
                0x08004f98       0x2c CMakeFiles/R1.elf.dir/Middlewares/Third_Party/FreeRTOS/Source/tasks.c.obj
 .text.prvInitialiseNewTask
                0x08004fc4      0x106 CMakeFiles/R1.elf.dir/Middlewares/Third_Party/FreeRTOS/Source/tasks.c.obj
 *fill*         0x080050ca        0x2 
 .text.prvInitialiseTaskLists
                0x080050cc       0x68 CMakeFiles/R1.elf.dir/Middlewares/Third_Party/FreeRTOS/Source/tasks.c.obj
 .text.prvAddNewTaskToReadyList
                0x08005134       0xac CMakeFiles/R1.elf.dir/Middlewares/Third_Party/FreeRTOS/Source/tasks.c.obj
 .text.prvDeleteTCB
                0x080051e0       0x40 CMakeFiles/R1.elf.dir/Middlewares/Third_Party/FreeRTOS/Source/tasks.c.obj
 .text.prvCheckTasksWaitingTermination
                0x08005220       0x4c CMakeFiles/R1.elf.dir/Middlewares/Third_Party/FreeRTOS/Source/tasks.c.obj
 .text.prvIdleTask
                0x0800526c       0x28 CMakeFiles/R1.elf.dir/Middlewares/Third_Party/FreeRTOS/Source/tasks.c.obj
 .text.prvAddCurrentTaskToDelayedList
                0x08005294       0x7c CMakeFiles/R1.elf.dir/Middlewares/Third_Party/FreeRTOS/Source/tasks.c.obj
 .text.xTaskCreateStatic
                0x08005310       0x7a CMakeFiles/R1.elf.dir/Middlewares/Third_Party/FreeRTOS/Source/tasks.c.obj
                0x08005310                xTaskCreateStatic
 .text.xTaskCreate
                0x0800538a       0x6a CMakeFiles/R1.elf.dir/Middlewares/Third_Party/FreeRTOS/Source/tasks.c.obj
                0x0800538a                xTaskCreate
 .text.vTaskStartScheduler
                0x080053f4       0xac CMakeFiles/R1.elf.dir/Middlewares/Third_Party/FreeRTOS/Source/tasks.c.obj
                0x080053f4                vTaskStartScheduler
 .text.vTaskSuspendAll
                0x080054a0       0x10 CMakeFiles/R1.elf.dir/Middlewares/Third_Party/FreeRTOS/Source/tasks.c.obj
                0x080054a0                vTaskSuspendAll
 .text.xTaskGetTickCount
                0x080054b0        0xc CMakeFiles/R1.elf.dir/Middlewares/Third_Party/FreeRTOS/Source/tasks.c.obj
                0x080054b0                xTaskGetTickCount
 .text.xTaskIncrementTick
                0x080054bc      0x118 CMakeFiles/R1.elf.dir/Middlewares/Third_Party/FreeRTOS/Source/tasks.c.obj
                0x080054bc                xTaskIncrementTick
 .text.xTaskResumeAll
                0x080055d4       0xf8 CMakeFiles/R1.elf.dir/Middlewares/Third_Party/FreeRTOS/Source/tasks.c.obj
                0x080055d4                xTaskResumeAll
 .text.vTaskDelayUntil
                0x080056cc       0xa4 CMakeFiles/R1.elf.dir/Middlewares/Third_Party/FreeRTOS/Source/tasks.c.obj
                0x080056cc                vTaskDelayUntil
 .text.vTaskDelay
                0x08005770       0x4c CMakeFiles/R1.elf.dir/Middlewares/Third_Party/FreeRTOS/Source/tasks.c.obj
                0x08005770                vTaskDelay
 .text.vTaskSwitchContext
                0x080057bc       0xa0 CMakeFiles/R1.elf.dir/Middlewares/Third_Party/FreeRTOS/Source/tasks.c.obj
                0x080057bc                vTaskSwitchContext
 .text.vTaskPlaceOnEventList
                0x0800585c       0x30 CMakeFiles/R1.elf.dir/Middlewares/Third_Party/FreeRTOS/Source/tasks.c.obj
                0x0800585c                vTaskPlaceOnEventList
 .text.vTaskPlaceOnEventListRestricted
                0x0800588c       0x38 CMakeFiles/R1.elf.dir/Middlewares/Third_Party/FreeRTOS/Source/tasks.c.obj
                0x0800588c                vTaskPlaceOnEventListRestricted
 .text.xTaskRemoveFromEventList
                0x080058c4       0x8c CMakeFiles/R1.elf.dir/Middlewares/Third_Party/FreeRTOS/Source/tasks.c.obj
                0x080058c4                xTaskRemoveFromEventList
 .text.vTaskInternalSetTimeOutState
                0x08005950       0x18 CMakeFiles/R1.elf.dir/Middlewares/Third_Party/FreeRTOS/Source/tasks.c.obj
                0x08005950                vTaskInternalSetTimeOutState
 .text.xTaskCheckForTimeOut
                0x08005968       0x84 CMakeFiles/R1.elf.dir/Middlewares/Third_Party/FreeRTOS/Source/tasks.c.obj
                0x08005968                xTaskCheckForTimeOut
 .text.vTaskMissedYield
                0x080059ec        0xc CMakeFiles/R1.elf.dir/Middlewares/Third_Party/FreeRTOS/Source/tasks.c.obj
                0x080059ec                vTaskMissedYield
 .text.xTaskGetSchedulerState
                0x080059f8       0x20 CMakeFiles/R1.elf.dir/Middlewares/Third_Party/FreeRTOS/Source/tasks.c.obj
                0x080059f8                xTaskGetSchedulerState
 .text.xTaskPriorityInherit
                0x08005a18       0x98 CMakeFiles/R1.elf.dir/Middlewares/Third_Party/FreeRTOS/Source/tasks.c.obj
                0x08005a18                xTaskPriorityInherit
 .text.xTaskPriorityDisinherit
                0x08005ab0       0x90 CMakeFiles/R1.elf.dir/Middlewares/Third_Party/FreeRTOS/Source/tasks.c.obj
                0x08005ab0                xTaskPriorityDisinherit
 .text.vTaskPriorityDisinheritAfterTimeout
                0x08005b40       0xa0 CMakeFiles/R1.elf.dir/Middlewares/Third_Party/FreeRTOS/Source/tasks.c.obj
                0x08005b40                vTaskPriorityDisinheritAfterTimeout
 .text.pvTaskIncrementMutexHeldCount
                0x08005be0       0x1c CMakeFiles/R1.elf.dir/Middlewares/Third_Party/FreeRTOS/Source/tasks.c.obj
                0x08005be0                pvTaskIncrementMutexHeldCount
 .text.prvGetNextExpireTime
                0x08005bfc       0x20 CMakeFiles/R1.elf.dir/Middlewares/Third_Party/FreeRTOS/Source/timers.c.obj
 .text.prvInsertTimerInActiveList
                0x08005c1c       0x48 CMakeFiles/R1.elf.dir/Middlewares/Third_Party/FreeRTOS/Source/timers.c.obj
 .text.prvCheckForValidListAndQueue
                0x08005c64       0x70 CMakeFiles/R1.elf.dir/Middlewares/Third_Party/FreeRTOS/Source/timers.c.obj
 .text.xTimerCreateTimerTask
                0x08005cd4       0x64 CMakeFiles/R1.elf.dir/Middlewares/Third_Party/FreeRTOS/Source/timers.c.obj
                0x08005cd4                xTimerCreateTimerTask
 .text.xTimerGenericCommand
                0x08005d38       0x6c CMakeFiles/R1.elf.dir/Middlewares/Third_Party/FreeRTOS/Source/timers.c.obj
                0x08005d38                xTimerGenericCommand
 .text.prvSwitchTimerLists
                0x08005da4       0x7c CMakeFiles/R1.elf.dir/Middlewares/Third_Party/FreeRTOS/Source/timers.c.obj
 .text.prvSampleTimeNow
                0x08005e20       0x2c CMakeFiles/R1.elf.dir/Middlewares/Third_Party/FreeRTOS/Source/timers.c.obj
 .text.prvProcessExpiredTimer
                0x08005e4c       0x6c CMakeFiles/R1.elf.dir/Middlewares/Third_Party/FreeRTOS/Source/timers.c.obj
 .text.prvProcessTimerOrBlockTask
                0x08005eb8       0x74 CMakeFiles/R1.elf.dir/Middlewares/Third_Party/FreeRTOS/Source/timers.c.obj
 .text.prvProcessReceivedCommands
                0x08005f2c      0x10c CMakeFiles/R1.elf.dir/Middlewares/Third_Party/FreeRTOS/Source/timers.c.obj
 .text.prvTimerTask
                0x08006038       0x16 CMakeFiles/R1.elf.dir/Middlewares/Third_Party/FreeRTOS/Source/timers.c.obj
 *fill*         0x0800604e        0x2 
 .text.PIDC1_step
                0x08006050      0x744 CMakeFiles/R1.elf.dir/PIDC1_stm32/PIDC1.c.obj
                0x08006050                PIDC1_step
 .text.PIDC1_initialize
                0x08006794        0xa CMakeFiles/R1.elf.dir/PIDC1_stm32/PIDC1.c.obj
                0x08006794                PIDC1_initialize
 *fill*         0x0800679e        0x2 
 .text.PIDC_step
                0x080067a0      0x790 CMakeFiles/R1.elf.dir/PIDC_stm32/PIDC.c.obj
                0x080067a0                PIDC_step
 .text.PIDC_initialize
                0x08006f30        0xa CMakeFiles/R1.elf.dir/PIDC_stm32/PIDC.c.obj
                0x08006f30                PIDC_initialize
 *fill*         0x08006f3a        0x6 
 .text.rtGetInf
                0x08006f40       0x10 CMakeFiles/R1.elf.dir/PIDC_stm32/rtGetInf.c.obj
                0x08006f40                rtGetInf
 .text.rtGetInfF
                0x08006f50        0xc CMakeFiles/R1.elf.dir/PIDC_stm32/rtGetInf.c.obj
                0x08006f50                rtGetInfF
 *fill*         0x08006f5c        0x4 
 .text.rtGetMinusInf
                0x08006f60       0x10 CMakeFiles/R1.elf.dir/PIDC_stm32/rtGetInf.c.obj
                0x08006f60                rtGetMinusInf
 .text.rtGetMinusInfF
                0x08006f70        0xc CMakeFiles/R1.elf.dir/PIDC_stm32/rtGetInf.c.obj
                0x08006f70                rtGetMinusInfF
 *fill*         0x08006f7c        0x4 
 .text.rtGetNaN
                0x08006f80       0x10 CMakeFiles/R1.elf.dir/PIDC_stm32/rtGetNaN.c.obj
                0x08006f80                rtGetNaN
 .text.rtGetNaNF
                0x08006f90        0xc CMakeFiles/R1.elf.dir/PIDC_stm32/rtGetNaN.c.obj
                0x08006f90                rtGetNaNF
 .text.rt_InitInfAndNaN
                0x08006f9c       0x58 CMakeFiles/R1.elf.dir/PIDC_stm32/rt_nonfinite.c.obj
                0x08006f9c                rt_InitInfAndNaN
 .text.rtIsNaN  0x08006ff4       0x28 CMakeFiles/R1.elf.dir/PIDC_stm32/rt_nonfinite.c.obj
                0x08006ff4                rtIsNaN
 .text.HAL_CAN_RxFifo0MsgPendingCallback
                0x0800701c      0x140 CMakeFiles/R1.elf.dir/User/IRQ.c.obj
                0x0800701c                HAL_CAN_RxFifo0MsgPendingCallback
 .text.HAL_UART_RxCpltCallback
                0x0800715c       0x7c CMakeFiles/R1.elf.dir/User/IRQ.c.obj
                0x0800715c                HAL_UART_RxCpltCallback
 .text.HAL_TIM_PeriodElapsedCallback
                0x080071d8      0x268 CMakeFiles/R1.elf.dir/User/IRQ.c.obj
                0x080071d8                HAL_TIM_PeriodElapsedCallback
 .text.my_Init  0x08007440       0x5c CMakeFiles/R1.elf.dir/User/Init.c.obj
                0x08007440                my_Init
 .text.RetargetInit
                0x0800749c       0x20 CMakeFiles/R1.elf.dir/User/retarget.c.obj
                0x0800749c                RetargetInit
 .text._isatty  0x080074bc       0x16 CMakeFiles/R1.elf.dir/User/retarget.c.obj
                0x080074bc                _isatty
 *fill*         0x080074d2        0x2 
 .text._write   0x080074d4       0x34 CMakeFiles/R1.elf.dir/User/retarget.c.obj
                0x080074d4                _write
 .text._close   0x08007508       0x18 CMakeFiles/R1.elf.dir/User/retarget.c.obj
                0x08007508                _close
 .text._lseek   0x08007520       0x10 CMakeFiles/R1.elf.dir/User/retarget.c.obj
                0x08007520                _lseek
 .text._read    0x08007530       0x30 CMakeFiles/R1.elf.dir/User/retarget.c.obj
                0x08007530                _read
 .text._fstat   0x08007560       0x1a CMakeFiles/R1.elf.dir/User/retarget.c.obj
                0x08007560                _fstat
 *fill*         0x0800757a        0x2 
 .text.__errno  0x0800757c        0xc c:/progra~2/gnuarm~1/102021~1.10/bin/../lib/gcc/arm-none-eabi/10.3.1/../../../../arm-none-eabi/lib/thumb/v7e-m+fp/hard\libg.a(lib_a-errno.o)
                0x0800757c                __errno
 .text.__libc_init_array
                0x08007588       0x48 c:/progra~2/gnuarm~1/102021~1.10/bin/../lib/gcc/arm-none-eabi/10.3.1/../../../../arm-none-eabi/lib/thumb/v7e-m+fp/hard\libg.a(lib_a-init.o)
                0x08007588                __libc_init_array
 .text.memset   0x080075d0       0xa4 c:/progra~2/gnuarm~1/102021~1.10/bin/../lib/gcc/arm-none-eabi/10.3.1/../../../../arm-none-eabi/lib/thumb/v7e-m+fp/hard\libg.a(lib_a-memset.o)
                0x080075d0                memset
 .text.printf   0x08007674       0x28 c:/progra~2/gnuarm~1/102021~1.10/bin/../lib/gcc/arm-none-eabi/10.3.1/../../../../arm-none-eabi/lib/thumb/v7e-m+fp/hard\libg.a(lib_a-printf.o)
                0x08007674                printf
 .text._puts_r  0x0800769c       0x9c c:/progra~2/gnuarm~1/102021~1.10/bin/../lib/gcc/arm-none-eabi/10.3.1/../../../../arm-none-eabi/lib/thumb/v7e-m+fp/hard\libg.a(lib_a-puts.o)
                0x0800769c                _puts_r
 .text.puts     0x08007738       0x10 c:/progra~2/gnuarm~1/102021~1.10/bin/../lib/gcc/arm-none-eabi/10.3.1/../../../../arm-none-eabi/lib/thumb/v7e-m+fp/hard\libg.a(lib_a-puts.o)
                0x08007738                puts
 .text.cleanup_glue
                0x08007748       0x48 c:/progra~2/gnuarm~1/102021~1.10/bin/../lib/gcc/arm-none-eabi/10.3.1/../../../../arm-none-eabi/lib/thumb/v7e-m+fp/hard\libg.a(lib_a-reent.o)
                0x08007748                cleanup_glue
 .text._reclaim_reent
                0x08007790       0x90 c:/progra~2/gnuarm~1/102021~1.10/bin/../lib/gcc/arm-none-eabi/10.3.1/../../../../arm-none-eabi/lib/thumb/v7e-m+fp/hard\libg.a(lib_a-reent.o)
                0x08007790                _reclaim_reent
 .text.setvbuf  0x08007820      0x1b0 c:/progra~2/gnuarm~1/102021~1.10/bin/../lib/gcc/arm-none-eabi/10.3.1/../../../../arm-none-eabi/lib/thumb/v7e-m+fp/hard\libg.a(lib_a-setvbuf.o)
                0x08007820                setvbuf
 .text._strtod_l
                0x080079d0      0xf50 c:/progra~2/gnuarm~1/102021~1.10/bin/../lib/gcc/arm-none-eabi/10.3.1/../../../../arm-none-eabi/lib/thumb/v7e-m+fp/hard\libg.a(lib_a-strtod.o)
                0x080079d0                _strtod_l
 .text.strtof   0x08008920       0xb8 c:/progra~2/gnuarm~1/102021~1.10/bin/../lib/gcc/arm-none-eabi/10.3.1/../../../../arm-none-eabi/lib/thumb/v7e-m+fp/hard\libg.a(lib_a-strtod.o)
                0x08008920                strtof
 .text._vfprintf_r
                0x080089d8     0x1b90 c:/progra~2/gnuarm~1/102021~1.10/bin/../lib/gcc/arm-none-eabi/10.3.1/../../../../arm-none-eabi/lib/thumb/v7e-m+fp/hard\libg.a(lib_a-vfprintf.o)
                0x080089d8                _vfprintf_r
 .text.__sbprintf
                0x0800a568       0x80 c:/progra~2/gnuarm~1/102021~1.10/bin/../lib/gcc/arm-none-eabi/10.3.1/../../../../arm-none-eabi/lib/thumb/v7e-m+fp/hard\libg.a(lib_a-vfprintf.o)
 .text.__swsetup_r
                0x0800a5e8       0xd4 c:/progra~2/gnuarm~1/102021~1.10/bin/../lib/gcc/arm-none-eabi/10.3.1/../../../../arm-none-eabi/lib/thumb/v7e-m+fp/hard\libg.a(lib_a-wsetup.o)
                0x0800a5e8                __swsetup_r
 .text.quorem   0x0800a6bc      0x128 c:/progra~2/gnuarm~1/102021~1.10/bin/../lib/gcc/arm-none-eabi/10.3.1/../../../../arm-none-eabi/lib/thumb/v7e-m+fp/hard\libg.a(lib_a-dtoa.o)
 *fill*         0x0800a7e4        0x4 
 .text._dtoa_r  0x0800a7e8      0xf3c c:/progra~2/gnuarm~1/102021~1.10/bin/../lib/gcc/arm-none-eabi/10.3.1/../../../../arm-none-eabi/lib/thumb/v7e-m+fp/hard\libg.a(lib_a-dtoa.o)
                0x0800a7e8                _dtoa_r
 .text.__sflush_r
                0x0800b724      0x130 c:/progra~2/gnuarm~1/102021~1.10/bin/../lib/gcc/arm-none-eabi/10.3.1/../../../../arm-none-eabi/lib/thumb/v7e-m+fp/hard\libg.a(lib_a-fflush.o)
                0x0800b724                __sflush_r
 .text._fflush_r
                0x0800b854       0x5c c:/progra~2/gnuarm~1/102021~1.10/bin/../lib/gcc/arm-none-eabi/10.3.1/../../../../arm-none-eabi/lib/thumb/v7e-m+fp/hard\libg.a(lib_a-fflush.o)
                0x0800b854                _fflush_r
 .text._cleanup_r
                0x0800b8b0        0xc c:/progra~2/gnuarm~1/102021~1.10/bin/../lib/gcc/arm-none-eabi/10.3.1/../../../../arm-none-eabi/lib/thumb/v7e-m+fp/hard\libg.a(lib_a-findfp.o)
                0x0800b8b0                _cleanup_r
 .text.__sinit  0x0800b8bc      0x10c c:/progra~2/gnuarm~1/102021~1.10/bin/../lib/gcc/arm-none-eabi/10.3.1/../../../../arm-none-eabi/lib/thumb/v7e-m+fp/hard\libg.a(lib_a-findfp.o)
                0x0800b8bc                __sinit
 .text.__sfp_lock_acquire
                0x0800b9c8        0xc c:/progra~2/gnuarm~1/102021~1.10/bin/../lib/gcc/arm-none-eabi/10.3.1/../../../../arm-none-eabi/lib/thumb/v7e-m+fp/hard\libg.a(lib_a-findfp.o)
                0x0800b9c8                __sfp_lock_acquire
 .text.__sfp_lock_release
                0x0800b9d4        0xc c:/progra~2/gnuarm~1/102021~1.10/bin/../lib/gcc/arm-none-eabi/10.3.1/../../../../arm-none-eabi/lib/thumb/v7e-m+fp/hard\libg.a(lib_a-findfp.o)
                0x0800b9d4                __sfp_lock_release
 .text._malloc_trim_r
                0x0800b9e0       0xa0 c:/progra~2/gnuarm~1/102021~1.10/bin/../lib/gcc/arm-none-eabi/10.3.1/../../../../arm-none-eabi/lib/thumb/v7e-m+fp/hard\libg.a(lib_a-freer.o)
                0x0800b9e0                _malloc_trim_r
 .text._free_r  0x0800ba80      0x20c c:/progra~2/gnuarm~1/102021~1.10/bin/../lib/gcc/arm-none-eabi/10.3.1/../../../../arm-none-eabi/lib/thumb/v7e-m+fp/hard\libg.a(lib_a-freer.o)
                0x0800ba80                _free_r
 .text.__sfvwrite_r
                0x0800bc8c      0x2f0 c:/progra~2/gnuarm~1/102021~1.10/bin/../lib/gcc/arm-none-eabi/10.3.1/../../../../arm-none-eabi/lib/thumb/v7e-m+fp/hard\libg.a(lib_a-fvwrite.o)
                0x0800bc8c                __sfvwrite_r
 .text._fwalk_reent
                0x0800bf7c       0x48 c:/progra~2/gnuarm~1/102021~1.10/bin/../lib/gcc/arm-none-eabi/10.3.1/../../../../arm-none-eabi/lib/thumb/v7e-m+fp/hard\libg.a(lib_a-fwalk.o)
                0x0800bf7c                _fwalk_reent
 .text.rshift   0x0800bfc4       0xa4 c:/progra~2/gnuarm~1/102021~1.10/bin/../lib/gcc/arm-none-eabi/10.3.1/../../../../arm-none-eabi/lib/thumb/v7e-m+fp/hard\libg.a(lib_a-gdtoa-gethex.o)
 .text.__gethex
                0x0800c068      0x5d8 c:/progra~2/gnuarm~1/102021~1.10/bin/../lib/gcc/arm-none-eabi/10.3.1/../../../../arm-none-eabi/lib/thumb/v7e-m+fp/hard\libg.a(lib_a-gdtoa-gethex.o)
                0x0800c068                __gethex
 .text.__match  0x0800c640       0x38 c:/progra~2/gnuarm~1/102021~1.10/bin/../lib/gcc/arm-none-eabi/10.3.1/../../../../arm-none-eabi/lib/thumb/v7e-m+fp/hard\libg.a(lib_a-gdtoa-hexnan.o)
                0x0800c640                __match
 .text.__hexnan
                0x0800c678      0x1ac c:/progra~2/gnuarm~1/102021~1.10/bin/../lib/gcc/arm-none-eabi/10.3.1/../../../../arm-none-eabi/lib/thumb/v7e-m+fp/hard\libg.a(lib_a-gdtoa-hexnan.o)
                0x0800c678                __hexnan
 .text.__locale_mb_cur_max
                0x0800c824        0xc c:/progra~2/gnuarm~1/102021~1.10/bin/../lib/gcc/arm-none-eabi/10.3.1/../../../../arm-none-eabi/lib/thumb/v7e-m+fp/hard\libg.a(lib_a-locale.o)
                0x0800c824                __locale_mb_cur_max
 .text._localeconv_r
                0x0800c830        0x8 c:/progra~2/gnuarm~1/102021~1.10/bin/../lib/gcc/arm-none-eabi/10.3.1/../../../../arm-none-eabi/lib/thumb/v7e-m+fp/hard\libg.a(lib_a-localeconv.o)
                0x0800c830                _localeconv_r
 .text.__retarget_lock_init_recursive
                0x0800c838        0x4 c:/progra~2/gnuarm~1/102021~1.10/bin/../lib/gcc/arm-none-eabi/10.3.1/../../../../arm-none-eabi/lib/thumb/v7e-m+fp/hard\libg.a(lib_a-lock.o)
                0x0800c838                __retarget_lock_init_recursive
 .text.__retarget_lock_close_recursive
                0x0800c83c        0x4 c:/progra~2/gnuarm~1/102021~1.10/bin/../lib/gcc/arm-none-eabi/10.3.1/../../../../arm-none-eabi/lib/thumb/v7e-m+fp/hard\libg.a(lib_a-lock.o)
                0x0800c83c                __retarget_lock_close_recursive
 .text.__retarget_lock_acquire_recursive
                0x0800c840        0x4 c:/progra~2/gnuarm~1/102021~1.10/bin/../lib/gcc/arm-none-eabi/10.3.1/../../../../arm-none-eabi/lib/thumb/v7e-m+fp/hard\libg.a(lib_a-lock.o)
                0x0800c840                __retarget_lock_acquire_recursive
 .text.__retarget_lock_release_recursive
                0x0800c844        0x4 c:/progra~2/gnuarm~1/102021~1.10/bin/../lib/gcc/arm-none-eabi/10.3.1/../../../../arm-none-eabi/lib/thumb/v7e-m+fp/hard\libg.a(lib_a-lock.o)
                0x0800c844                __retarget_lock_release_recursive
 .text.__smakebuf_r
                0x0800c848       0xe0 c:/progra~2/gnuarm~1/102021~1.10/bin/../lib/gcc/arm-none-eabi/10.3.1/../../../../arm-none-eabi/lib/thumb/v7e-m+fp/hard\libg.a(lib_a-makebuf.o)
                0x0800c848                __smakebuf_r
 .text.__swhatbuf_r
                0x0800c928       0x60 c:/progra~2/gnuarm~1/102021~1.10/bin/../lib/gcc/arm-none-eabi/10.3.1/../../../../arm-none-eabi/lib/thumb/v7e-m+fp/hard\libg.a(lib_a-makebuf.o)
                0x0800c928                __swhatbuf_r
 .text.malloc   0x0800c988       0x10 c:/progra~2/gnuarm~1/102021~1.10/bin/../lib/gcc/arm-none-eabi/10.3.1/../../../../arm-none-eabi/lib/thumb/v7e-m+fp/hard\libg.a(lib_a-malloc.o)
                0x0800c988                malloc
 .text._malloc_r
                0x0800c998      0x560 c:/progra~2/gnuarm~1/102021~1.10/bin/../lib/gcc/arm-none-eabi/10.3.1/../../../../arm-none-eabi/lib/thumb/v7e-m+fp/hard\libg.a(lib_a-mallocr.o)
                0x0800c998                _malloc_r
 .text.__ascii_mbtowc
                0x0800cef8       0x2c c:/progra~2/gnuarm~1/102021~1.10/bin/../lib/gcc/arm-none-eabi/10.3.1/../../../../arm-none-eabi/lib/thumb/v7e-m+fp/hard\libg.a(lib_a-mbtowc_r.o)
                0x0800cef8                __ascii_mbtowc
 .text.memmove  0x0800cf24       0xf8 c:/progra~2/gnuarm~1/102021~1.10/bin/../lib/gcc/arm-none-eabi/10.3.1/../../../../arm-none-eabi/lib/thumb/v7e-m+fp/hard\libg.a(lib_a-memmove.o)
                0x0800cf24                memmove
 .text.__malloc_lock
                0x0800d01c        0xc c:/progra~2/gnuarm~1/102021~1.10/bin/../lib/gcc/arm-none-eabi/10.3.1/../../../../arm-none-eabi/lib/thumb/v7e-m+fp/hard\libg.a(lib_a-mlock.o)
                0x0800d01c                __malloc_lock
 .text.__malloc_unlock
                0x0800d028        0xc c:/progra~2/gnuarm~1/102021~1.10/bin/../lib/gcc/arm-none-eabi/10.3.1/../../../../arm-none-eabi/lib/thumb/v7e-m+fp/hard\libg.a(lib_a-mlock.o)
                0x0800d028                __malloc_unlock
 .text._Balloc  0x0800d034       0x4c c:/progra~2/gnuarm~1/102021~1.10/bin/../lib/gcc/arm-none-eabi/10.3.1/../../../../arm-none-eabi/lib/thumb/v7e-m+fp/hard\libg.a(lib_a-mprec.o)
                0x0800d034                _Balloc
 .text._Bfree   0x0800d080       0x14 c:/progra~2/gnuarm~1/102021~1.10/bin/../lib/gcc/arm-none-eabi/10.3.1/../../../../arm-none-eabi/lib/thumb/v7e-m+fp/hard\libg.a(lib_a-mprec.o)
                0x0800d080                _Bfree
 .text.__multadd
                0x0800d094       0xa8 c:/progra~2/gnuarm~1/102021~1.10/bin/../lib/gcc/arm-none-eabi/10.3.1/../../../../arm-none-eabi/lib/thumb/v7e-m+fp/hard\libg.a(lib_a-mprec.o)
                0x0800d094                __multadd
 .text.__s2b    0x0800d13c       0xb4 c:/progra~2/gnuarm~1/102021~1.10/bin/../lib/gcc/arm-none-eabi/10.3.1/../../../../arm-none-eabi/lib/thumb/v7e-m+fp/hard\libg.a(lib_a-mprec.o)
                0x0800d13c                __s2b
 .text.__hi0bits
                0x0800d1f0       0x40 c:/progra~2/gnuarm~1/102021~1.10/bin/../lib/gcc/arm-none-eabi/10.3.1/../../../../arm-none-eabi/lib/thumb/v7e-m+fp/hard\libg.a(lib_a-mprec.o)
                0x0800d1f0                __hi0bits
 .text.__lo0bits
                0x0800d230       0x60 c:/progra~2/gnuarm~1/102021~1.10/bin/../lib/gcc/arm-none-eabi/10.3.1/../../../../arm-none-eabi/lib/thumb/v7e-m+fp/hard\libg.a(lib_a-mprec.o)
                0x0800d230                __lo0bits
 .text.__i2b    0x0800d290       0x5c c:/progra~2/gnuarm~1/102021~1.10/bin/../lib/gcc/arm-none-eabi/10.3.1/../../../../arm-none-eabi/lib/thumb/v7e-m+fp/hard\libg.a(lib_a-mprec.o)
                0x0800d290                __i2b
 .text.__multiply
                0x0800d2ec      0x15c c:/progra~2/gnuarm~1/102021~1.10/bin/../lib/gcc/arm-none-eabi/10.3.1/../../../../arm-none-eabi/lib/thumb/v7e-m+fp/hard\libg.a(lib_a-mprec.o)
                0x0800d2ec                __multiply
 .text.__pow5mult
                0x0800d448       0xc0 c:/progra~2/gnuarm~1/102021~1.10/bin/../lib/gcc/arm-none-eabi/10.3.1/../../../../arm-none-eabi/lib/thumb/v7e-m+fp/hard\libg.a(lib_a-mprec.o)
                0x0800d448                __pow5mult
 .text.__lshift
                0x0800d508       0xf0 c:/progra~2/gnuarm~1/102021~1.10/bin/../lib/gcc/arm-none-eabi/10.3.1/../../../../arm-none-eabi/lib/thumb/v7e-m+fp/hard\libg.a(lib_a-mprec.o)
                0x0800d508                __lshift
 .text.__mcmp   0x0800d5f8       0x44 c:/progra~2/gnuarm~1/102021~1.10/bin/../lib/gcc/arm-none-eabi/10.3.1/../../../../arm-none-eabi/lib/thumb/v7e-m+fp/hard\libg.a(lib_a-mprec.o)
                0x0800d5f8                __mcmp
 .text.__mdiff  0x0800d63c      0x14c c:/progra~2/gnuarm~1/102021~1.10/bin/../lib/gcc/arm-none-eabi/10.3.1/../../../../arm-none-eabi/lib/thumb/v7e-m+fp/hard\libg.a(lib_a-mprec.o)
                0x0800d63c                __mdiff
 .text.__ulp    0x0800d788       0x60 c:/progra~2/gnuarm~1/102021~1.10/bin/../lib/gcc/arm-none-eabi/10.3.1/../../../../arm-none-eabi/lib/thumb/v7e-m+fp/hard\libg.a(lib_a-mprec.o)
                0x0800d788                __ulp
 .text.__b2d    0x0800d7e8       0xc0 c:/progra~2/gnuarm~1/102021~1.10/bin/../lib/gcc/arm-none-eabi/10.3.1/../../../../arm-none-eabi/lib/thumb/v7e-m+fp/hard\libg.a(lib_a-mprec.o)
                0x0800d7e8                __b2d
 .text.__d2b    0x0800d8a8       0xd0 c:/progra~2/gnuarm~1/102021~1.10/bin/../lib/gcc/arm-none-eabi/10.3.1/../../../../arm-none-eabi/lib/thumb/v7e-m+fp/hard\libg.a(lib_a-mprec.o)
                0x0800d8a8                __d2b
 .text.__ratio  0x0800d978       0x5c c:/progra~2/gnuarm~1/102021~1.10/bin/../lib/gcc/arm-none-eabi/10.3.1/../../../../arm-none-eabi/lib/thumb/v7e-m+fp/hard\libg.a(lib_a-mprec.o)
                0x0800d978                __ratio
 .text.__copybits
                0x0800d9d4       0x5c c:/progra~2/gnuarm~1/102021~1.10/bin/../lib/gcc/arm-none-eabi/10.3.1/../../../../arm-none-eabi/lib/thumb/v7e-m+fp/hard\libg.a(lib_a-mprec.o)
                0x0800d9d4                __copybits
 .text.__any_on
                0x0800da30       0x64 c:/progra~2/gnuarm~1/102021~1.10/bin/../lib/gcc/arm-none-eabi/10.3.1/../../../../arm-none-eabi/lib/thumb/v7e-m+fp/hard\libg.a(lib_a-mprec.o)
                0x0800da30                __any_on
 .text._realloc_r
                0x0800da94      0x3d8 c:/progra~2/gnuarm~1/102021~1.10/bin/../lib/gcc/arm-none-eabi/10.3.1/../../../../arm-none-eabi/lib/thumb/v7e-m+fp/hard\libg.a(lib_a-reallocr.o)
                0x0800da94                _realloc_r
 .text.frexp    0x0800de6c       0x6c c:/progra~2/gnuarm~1/102021~1.10/bin/../lib/gcc/arm-none-eabi/10.3.1/../../../../arm-none-eabi/lib/thumb/v7e-m+fp/hard\libg.a(lib_a-s_frexp.o)
                0x0800de6c                frexp
 .text.nan      0x0800ded8       0x10 c:/progra~2/gnuarm~1/102021~1.10/bin/../lib/gcc/arm-none-eabi/10.3.1/../../../../arm-none-eabi/lib/thumb/v7e-m+fp/hard\libg.a(lib_a-s_nan.o)
                0x0800ded8                nan
 .text._sbrk_r  0x0800dee8       0x24 c:/progra~2/gnuarm~1/102021~1.10/bin/../lib/gcc/arm-none-eabi/10.3.1/../../../../arm-none-eabi/lib/thumb/v7e-m+fp/hard\libg.a(lib_a-sbrkr.o)
                0x0800dee8                _sbrk_r
 .text.nanf     0x0800df0c        0xc c:/progra~2/gnuarm~1/102021~1.10/bin/../lib/gcc/arm-none-eabi/10.3.1/../../../../arm-none-eabi/lib/thumb/v7e-m+fp/hard\libg.a(lib_a-sf_nan.o)
                0x0800df0c                nanf
 .text.__sread  0x0800df18       0x24 c:/progra~2/gnuarm~1/102021~1.10/bin/../lib/gcc/arm-none-eabi/10.3.1/../../../../arm-none-eabi/lib/thumb/v7e-m+fp/hard\libg.a(lib_a-stdio.o)
                0x0800df18                __sread
 .text.__swrite
                0x0800df3c       0x40 c:/progra~2/gnuarm~1/102021~1.10/bin/../lib/gcc/arm-none-eabi/10.3.1/../../../../arm-none-eabi/lib/thumb/v7e-m+fp/hard\libg.a(lib_a-stdio.o)
                0x0800df3c                __swrite
 .text.__sseek  0x0800df7c       0x20 c:/progra~2/gnuarm~1/102021~1.10/bin/../lib/gcc/arm-none-eabi/10.3.1/../../../../arm-none-eabi/lib/thumb/v7e-m+fp/hard\libg.a(lib_a-stdio.o)
                0x0800df7c                __sseek
 .text.__sclose
                0x0800df9c        0x8 c:/progra~2/gnuarm~1/102021~1.10/bin/../lib/gcc/arm-none-eabi/10.3.1/../../../../arm-none-eabi/lib/thumb/v7e-m+fp/hard\libg.a(lib_a-stdio.o)
                0x0800df9c                __sclose
 .text.strncmp  0x0800dfa4       0x80 c:/progra~2/gnuarm~1/102021~1.10/bin/../lib/gcc/arm-none-eabi/10.3.1/../../../../arm-none-eabi/lib/thumb/v7e-m+fp/hard\libg.a(lib_a-strncmp.o)
                0x0800dfa4                strncmp
 .text.strncpy  0x0800e024       0x64 c:/progra~2/gnuarm~1/102021~1.10/bin/../lib/gcc/arm-none-eabi/10.3.1/../../../../arm-none-eabi/lib/thumb/v7e-m+fp/hard\libg.a(lib_a-strncpy.o)
                0x0800e024                strncpy
 .text.__sprint_r.part.0
                0x0800e088       0x78 c:/progra~2/gnuarm~1/102021~1.10/bin/../lib/gcc/arm-none-eabi/10.3.1/../../../../arm-none-eabi/lib/thumb/v7e-m+fp/hard\libg.a(lib_a-vfiprintf.o)
 .text.__sprint_r
                0x0800e100       0x18 c:/progra~2/gnuarm~1/102021~1.10/bin/../lib/gcc/arm-none-eabi/10.3.1/../../../../arm-none-eabi/lib/thumb/v7e-m+fp/hard\libg.a(lib_a-vfiprintf.o)
                0x0800e100                __sprint_r
 .text._vfiprintf_r
                0x0800e118      0xdfc c:/progra~2/gnuarm~1/102021~1.10/bin/../lib/gcc/arm-none-eabi/10.3.1/../../../../arm-none-eabi/lib/thumb/v7e-m+fp/hard\libg.a(lib_a-vfiprintf.o)
                0x0800e118                _vfiprintf_r
 .text.__sbprintf
                0x0800ef14       0x80 c:/progra~2/gnuarm~1/102021~1.10/bin/../lib/gcc/arm-none-eabi/10.3.1/../../../../arm-none-eabi/lib/thumb/v7e-m+fp/hard\libg.a(lib_a-vfiprintf.o)
 .text.__ascii_wctomb
                0x0800ef94       0x1c c:/progra~2/gnuarm~1/102021~1.10/bin/../lib/gcc/arm-none-eabi/10.3.1/../../../../arm-none-eabi/lib/thumb/v7e-m+fp/hard\libg.a(lib_a-wctomb_r.o)
                0x0800ef94                __ascii_wctomb
 .text._write_r
                0x0800efb0       0x2c c:/progra~2/gnuarm~1/102021~1.10/bin/../lib/gcc/arm-none-eabi/10.3.1/../../../../arm-none-eabi/lib/thumb/v7e-m+fp/hard\libg.a(lib_a-writer.o)
                0x0800efb0                _write_r
 .text.__assert_func
                0x0800efdc       0x40 c:/progra~2/gnuarm~1/102021~1.10/bin/../lib/gcc/arm-none-eabi/10.3.1/../../../../arm-none-eabi/lib/thumb/v7e-m+fp/hard\libg.a(lib_a-assert.o)
                0x0800efdc                __assert_func
 .text._calloc_r
                0x0800f01c       0x78 c:/progra~2/gnuarm~1/102021~1.10/bin/../lib/gcc/arm-none-eabi/10.3.1/../../../../arm-none-eabi/lib/thumb/v7e-m+fp/hard\libg.a(lib_a-callocr.o)
                0x0800f01c                _calloc_r
 .text._close_r
                0x0800f094       0x24 c:/progra~2/gnuarm~1/102021~1.10/bin/../lib/gcc/arm-none-eabi/10.3.1/../../../../arm-none-eabi/lib/thumb/v7e-m+fp/hard\libg.a(lib_a-closer.o)
                0x0800f094                _close_r
 .text._fclose_r
                0x0800f0b8       0xcc c:/progra~2/gnuarm~1/102021~1.10/bin/../lib/gcc/arm-none-eabi/10.3.1/../../../../arm-none-eabi/lib/thumb/v7e-m+fp/hard\libg.a(lib_a-fclose.o)
                0x0800f0b8                _fclose_r
 .text.fiprintf
                0x0800f184       0x28 c:/progra~2/gnuarm~1/102021~1.10/bin/../lib/gcc/arm-none-eabi/10.3.1/../../../../arm-none-eabi/lib/thumb/v7e-m+fp/hard\libg.a(lib_a-fiprintf.o)
                0x0800f184                fiprintf
 .text.__fputwc
                0x0800f1ac       0xa8 c:/progra~2/gnuarm~1/102021~1.10/bin/../lib/gcc/arm-none-eabi/10.3.1/../../../../arm-none-eabi/lib/thumb/v7e-m+fp/hard\libg.a(lib_a-fputwc.o)
                0x0800f1ac                __fputwc
 .text._fputwc_r
                0x0800f254       0x68 c:/progra~2/gnuarm~1/102021~1.10/bin/../lib/gcc/arm-none-eabi/10.3.1/../../../../arm-none-eabi/lib/thumb/v7e-m+fp/hard\libg.a(lib_a-fputwc.o)
                0x0800f254                _fputwc_r
 .text._fstat_r
                0x0800f2bc       0x2c c:/progra~2/gnuarm~1/102021~1.10/bin/../lib/gcc/arm-none-eabi/10.3.1/../../../../arm-none-eabi/lib/thumb/v7e-m+fp/hard\libg.a(lib_a-fstatr.o)
                0x0800f2bc                _fstat_r
 .text._isatty_r
                0x0800f2e8       0x24 c:/progra~2/gnuarm~1/102021~1.10/bin/../lib/gcc/arm-none-eabi/10.3.1/../../../../arm-none-eabi/lib/thumb/v7e-m+fp/hard\libg.a(lib_a-isattyr.o)
                0x0800f2e8                _isatty_r
 .text._lseek_r
                0x0800f30c       0x2c c:/progra~2/gnuarm~1/102021~1.10/bin/../lib/gcc/arm-none-eabi/10.3.1/../../../../arm-none-eabi/lib/thumb/v7e-m+fp/hard\libg.a(lib_a-lseekr.o)
                0x0800f30c                _lseek_r
 .text._read_r  0x0800f338       0x2c c:/progra~2/gnuarm~1/102021~1.10/bin/../lib/gcc/arm-none-eabi/10.3.1/../../../../arm-none-eabi/lib/thumb/v7e-m+fp/hard\libg.a(lib_a-readr.o)
                0x0800f338                _read_r
 .text.__swbuf_r
                0x0800f364       0xb0 c:/progra~2/gnuarm~1/102021~1.10/bin/../lib/gcc/arm-none-eabi/10.3.1/../../../../arm-none-eabi/lib/thumb/v7e-m+fp/hard\libg.a(lib_a-wbuf.o)
                0x0800f364                __swbuf_r
 .text._wcrtomb_r
                0x0800f414       0x3c c:/progra~2/gnuarm~1/102021~1.10/bin/../lib/gcc/arm-none-eabi/10.3.1/../../../../arm-none-eabi/lib/thumb/v7e-m+fp/hard\libg.a(lib_a-wcrtomb.o)
                0x0800f414                _wcrtomb_r
 .text.abort    0x0800f450       0x10 c:/progra~2/gnuarm~1/102021~1.10/bin/../lib/gcc/arm-none-eabi/10.3.1/../../../../arm-none-eabi/lib/thumb/v7e-m+fp/hard\libg.a(lib_a-abort.o)
                0x0800f450                abort
 .text.raise    0x0800f460       0x5c c:/progra~2/gnuarm~1/102021~1.10/bin/../lib/gcc/arm-none-eabi/10.3.1/../../../../arm-none-eabi/lib/thumb/v7e-m+fp/hard\libg.a(lib_a-signal.o)
                0x0800f460                raise
 .text._kill_r  0x0800f4bc       0x2c c:/progra~2/gnuarm~1/102021~1.10/bin/../lib/gcc/arm-none-eabi/10.3.1/../../../../arm-none-eabi/lib/thumb/v7e-m+fp/hard\libg.a(lib_a-signalr.o)
                0x0800f4bc                _kill_r
 .text._getpid_r
                0x0800f4e8        0x4 c:/progra~2/gnuarm~1/102021~1.10/bin/../lib/gcc/arm-none-eabi/10.3.1/../../../../arm-none-eabi/lib/thumb/v7e-m+fp/hard\libg.a(lib_a-signalr.o)
                0x0800f4e8                _getpid_r
 .text.fmod     0x0800f4ec       0x6c c:/progra~2/gnuarm~1/102021~1.10/bin/../lib/gcc/arm-none-eabi/10.3.1/../../../../arm-none-eabi/lib/thumb/v7e-m+fp/hard\libm.a(lib_a-w_fmod.o)
                0x0800f4ec                fmod
 .text.__ieee754_fmod
                0x0800f558      0x27c c:/progra~2/gnuarm~1/102021~1.10/bin/../lib/gcc/arm-none-eabi/10.3.1/../../../../arm-none-eabi/lib/thumb/v7e-m+fp/hard\libm.a(lib_a-e_fmod.o)
                0x0800f558                __ieee754_fmod
 *(.glue_7)
 .glue_7        0x0800f7d4        0x0 linker stubs
 *(.glue_7t)
 .glue_7t       0x0800f7d4        0x0 linker stubs
 *(.eh_frame)
 *(.init)
 .init          0x0800f7d4        0x4 c:/progra~2/gnuarm~1/102021~1.10/bin/../lib/gcc/arm-none-eabi/10.3.1/thumb/v7e-m+fp/hard/crti.o
                0x0800f7d4                _init
 .init          0x0800f7d8        0x8 c:/progra~2/gnuarm~1/102021~1.10/bin/../lib/gcc/arm-none-eabi/10.3.1/thumb/v7e-m+fp/hard/crtn.o
 *(.fini)
 .fini          0x0800f7e0        0x4 c:/progra~2/gnuarm~1/102021~1.10/bin/../lib/gcc/arm-none-eabi/10.3.1/thumb/v7e-m+fp/hard/crti.o
                0x0800f7e0                _fini
 .fini          0x0800f7e4        0x8 c:/progra~2/gnuarm~1/102021~1.10/bin/../lib/gcc/arm-none-eabi/10.3.1/thumb/v7e-m+fp/hard/crtn.o
                0x0800f7ec                . = ALIGN (0x4)
                0x0800f7ec                _etext = .

.vfp11_veneer   0x0800f7ec        0x0
 .vfp11_veneer  0x0800f7ec        0x0 linker stubs

.v4_bx          0x0800f7ec        0x0
 .v4_bx         0x0800f7ec        0x0 linker stubs

.iplt           0x0800f7ec        0x0
 .iplt          0x0800f7ec        0x0 CMakeFiles/R1.elf.dir/Application/pid_task.c.obj

.rodata         0x0800f7f0      0x700
                0x0800f7f0                . = ALIGN (0x4)
 *(.rodata)
 *(.rodata*)
 .rodata.uart_tx_task.str1.4
                0x0800f7f0       0x17 CMakeFiles/R1.elf.dir/Application/uart_task.c.obj
 *fill*         0x0800f807        0x1 
 .rodata.MX_FREERTOS_Init.str1.4
                0x0800f808       0x1d CMakeFiles/R1.elf.dir/Core/Src/freertos.c.obj
 *fill*         0x0800f825        0x3 
 .rodata.str1.4
                0x0800f828       0x14 CMakeFiles/R1.elf.dir/Core/Src/freertos.c.obj
 .rodata.PIDTASK_attributes
                0x0800f83c       0x24 CMakeFiles/R1.elf.dir/Core/Src/freertos.c.obj
                0x0800f83c                PIDTASK_attributes
 .rodata.defaultTask_attributes
                0x0800f860       0x24 CMakeFiles/R1.elf.dir/Core/Src/freertos.c.obj
                0x0800f860                defaultTask_attributes
 .rodata.main.str1.4
                0x0800f884        0xe CMakeFiles/R1.elf.dir/Core/Src/main.c.obj
 *fill*         0x0800f892        0x2 
 .rodata.AHBPrescTable
                0x0800f894       0x10 CMakeFiles/R1.elf.dir/Core/Src/system_stm32f4xx.c.obj
                0x0800f894                AHBPrescTable
 .rodata.APBPrescTable
                0x0800f8a4        0x8 CMakeFiles/R1.elf.dir/Core/Src/system_stm32f4xx.c.obj
                0x0800f8a4                APBPrescTable
 .rodata.vTaskStartScheduler.str1.4
                0x0800f8ac        0x5 CMakeFiles/R1.elf.dir/Middlewares/Third_Party/FreeRTOS/Source/tasks.c.obj
 *fill*         0x0800f8b1        0x3 
 .rodata.prvCheckForValidListAndQueue.str1.4
                0x0800f8b4        0x5 CMakeFiles/R1.elf.dir/Middlewares/Third_Party/FreeRTOS/Source/timers.c.obj
 *fill*         0x0800f8b9        0x3 
 .rodata.xTimerCreateTimerTask.str1.4
                0x0800f8bc        0x8 CMakeFiles/R1.elf.dir/Middlewares/Third_Party/FreeRTOS/Source/timers.c.obj
 .rodata.HAL_UART_RxCpltCallback.str1.4
                0x0800f8c4       0x25 CMakeFiles/R1.elf.dir/User/IRQ.c.obj
 *fill*         0x0800f8e9        0x3 
 .rodata._puts_r.str1.4
                0x0800f8ec        0x2 c:/progra~2/gnuarm~1/102021~1.10/bin/../lib/gcc/arm-none-eabi/10.3.1/../../../../arm-none-eabi/lib/thumb/v7e-m+fp/hard\libg.a(lib_a-puts.o)
 *fill*         0x0800f8ee        0x2 
 .rodata._strtod_l.str1.4
                0x0800f8f0        0xf c:/progra~2/gnuarm~1/102021~1.10/bin/../lib/gcc/arm-none-eabi/10.3.1/../../../../arm-none-eabi/lib/thumb/v7e-m+fp/hard\libg.a(lib_a-strtod.o)
                                 0x11 (size before relaxing)
 *fill*         0x0800f8ff        0x1 
 .rodata.fpi.1  0x0800f900       0x14 c:/progra~2/gnuarm~1/102021~1.10/bin/../lib/gcc/arm-none-eabi/10.3.1/../../../../arm-none-eabi/lib/thumb/v7e-m+fp/hard\libg.a(lib_a-strtod.o)
 .rodata.fpinan.0
                0x0800f914       0x14 c:/progra~2/gnuarm~1/102021~1.10/bin/../lib/gcc/arm-none-eabi/10.3.1/../../../../arm-none-eabi/lib/thumb/v7e-m+fp/hard\libg.a(lib_a-strtod.o)
 .rodata.tinytens
                0x0800f928       0x28 c:/progra~2/gnuarm~1/102021~1.10/bin/../lib/gcc/arm-none-eabi/10.3.1/../../../../arm-none-eabi/lib/thumb/v7e-m+fp/hard\libg.a(lib_a-strtod.o)
 .rodata._vfprintf_r.str1.4
                0x0800f950       0x42 c:/progra~2/gnuarm~1/102021~1.10/bin/../lib/gcc/arm-none-eabi/10.3.1/../../../../arm-none-eabi/lib/thumb/v7e-m+fp/hard\libg.a(lib_a-vfprintf.o)
 *fill*         0x0800f992        0x2 
 .rodata.blanks.1
                0x0800f994       0x10 c:/progra~2/gnuarm~1/102021~1.10/bin/../lib/gcc/arm-none-eabi/10.3.1/../../../../arm-none-eabi/lib/thumb/v7e-m+fp/hard\libg.a(lib_a-vfprintf.o)
 .rodata.zeroes.0
                0x0800f9a4       0x10 c:/progra~2/gnuarm~1/102021~1.10/bin/../lib/gcc/arm-none-eabi/10.3.1/../../../../arm-none-eabi/lib/thumb/v7e-m+fp/hard\libg.a(lib_a-vfprintf.o)
 .rodata._dtoa_r.str1.4
                0x0800f9b4       0xa2 c:/progra~2/gnuarm~1/102021~1.10/bin/../lib/gcc/arm-none-eabi/10.3.1/../../../../arm-none-eabi/lib/thumb/v7e-m+fp/hard\libg.a(lib_a-dtoa.o)
                                 0xa6 (size before relaxing)
 *fill*         0x0800fa56        0x2 
 .rodata.__gethex.str1.4
                0x0800fa58       0x86 c:/progra~2/gnuarm~1/102021~1.10/bin/../lib/gcc/arm-none-eabi/10.3.1/../../../../arm-none-eabi/lib/thumb/v7e-m+fp/hard\libg.a(lib_a-gdtoa-gethex.o)
                                 0x9a (size before relaxing)
 *fill*         0x0800fade        0x2 
 .rodata.__hexdig
                0x0800fae0      0x100 c:/progra~2/gnuarm~1/102021~1.10/bin/../lib/gcc/arm-none-eabi/10.3.1/../../../../arm-none-eabi/lib/thumb/v7e-m+fp/hard\libg.a(lib_a-gdtoa-gethex.o)
                0x0800fae0                __hexdig
 .rodata.str1.4
                0x0800fbe0        0x2 c:/progra~2/gnuarm~1/102021~1.10/bin/../lib/gcc/arm-none-eabi/10.3.1/../../../../arm-none-eabi/lib/thumb/v7e-m+fp/hard\libg.a(lib_a-lnumeric.o)
                                  0x5 (size before relaxing)
 *fill*         0x0800fbe2        0x2 
 .rodata._C_numeric_locale
                0x0800fbe4        0xc c:/progra~2/gnuarm~1/102021~1.10/bin/../lib/gcc/arm-none-eabi/10.3.1/../../../../arm-none-eabi/lib/thumb/v7e-m+fp/hard\libg.a(lib_a-lnumeric.o)
                0x0800fbe4                _C_numeric_locale
 .rodata._setlocale_r.str1.4
                0x0800fbf0        0xa c:/progra~2/gnuarm~1/102021~1.10/bin/../lib/gcc/arm-none-eabi/10.3.1/../../../../arm-none-eabi/lib/thumb/v7e-m+fp/hard\libg.a(lib_a-locale.o)
                                  0xd (size before relaxing)
 .rodata.str1.4
                0x0800fbfa        0x2 c:/progra~2/gnuarm~1/102021~1.10/bin/../lib/gcc/arm-none-eabi/10.3.1/../../../../arm-none-eabi/lib/thumb/v7e-m+fp/hard\libg.a(lib_a-locale.o)
 *fill*         0x0800fbfa        0x2 
 .rodata.__multadd.str1.4
                0x0800fbfc       0x7f c:/progra~2/gnuarm~1/102021~1.10/bin/../lib/gcc/arm-none-eabi/10.3.1/../../../../arm-none-eabi/lib/thumb/v7e-m+fp/hard\libg.a(lib_a-mprec.o)
                                 0x93 (size before relaxing)
 *fill*         0x0800fc7b        0x5 
 .rodata.__mprec_bigtens
                0x0800fc80       0x28 c:/progra~2/gnuarm~1/102021~1.10/bin/../lib/gcc/arm-none-eabi/10.3.1/../../../../arm-none-eabi/lib/thumb/v7e-m+fp/hard\libg.a(lib_a-mprec.o)
                0x0800fc80                __mprec_bigtens
 .rodata.__mprec_tens
                0x0800fca8       0xc8 c:/progra~2/gnuarm~1/102021~1.10/bin/../lib/gcc/arm-none-eabi/10.3.1/../../../../arm-none-eabi/lib/thumb/v7e-m+fp/hard\libg.a(lib_a-mprec.o)
                0x0800fca8                __mprec_tens
 .rodata.p05.0  0x0800fd70        0xc c:/progra~2/gnuarm~1/102021~1.10/bin/../lib/gcc/arm-none-eabi/10.3.1/../../../../arm-none-eabi/lib/thumb/v7e-m+fp/hard\libg.a(lib_a-mprec.o)
 .rodata._vfiprintf_r.str1.4
                0x0800fd7c       0x2f c:/progra~2/gnuarm~1/102021~1.10/bin/../lib/gcc/arm-none-eabi/10.3.1/../../../../arm-none-eabi/lib/thumb/v7e-m+fp/hard\libg.a(lib_a-vfiprintf.o)
 .rodata.blanks.1
                0x0800fd7c       0x10 c:/progra~2/gnuarm~1/102021~1.10/bin/../lib/gcc/arm-none-eabi/10.3.1/../../../../arm-none-eabi/lib/thumb/v7e-m+fp/hard\libg.a(lib_a-vfiprintf.o)
 .rodata.zeroes.0
                0x0800fd8c       0x10 c:/progra~2/gnuarm~1/102021~1.10/bin/../lib/gcc/arm-none-eabi/10.3.1/../../../../arm-none-eabi/lib/thumb/v7e-m+fp/hard\libg.a(lib_a-vfiprintf.o)
 .rodata.__assert_func.str1.4
                0x0800fd9c       0x3f c:/progra~2/gnuarm~1/102021~1.10/bin/../lib/gcc/arm-none-eabi/10.3.1/../../../../arm-none-eabi/lib/thumb/v7e-m+fp/hard\libg.a(lib_a-assert.o)
                                 0x43 (size before relaxing)
 *fill*         0x0800fddb        0x1 
 .rodata._ctype_
                0x0800fddc      0x101 c:/progra~2/gnuarm~1/102021~1.10/bin/../lib/gcc/arm-none-eabi/10.3.1/../../../../arm-none-eabi/lib/thumb/v7e-m+fp/hard\libg.a(lib_a-ctype_.o)
                0x0800fddc                _ctype_
 *fill*         0x0800fedd        0x3 
 .rodata.Zero   0x0800fee0       0x10 c:/progra~2/gnuarm~1/102021~1.10/bin/../lib/gcc/arm-none-eabi/10.3.1/../../../../arm-none-eabi/lib/thumb/v7e-m+fp/hard\libm.a(lib_a-e_fmod.o)
                0x0800fef0                . = ALIGN (0x4)
                0x0800fef8                _sidata = LOADADDR (.data)

.ARM.exidx      0x0800fef0        0x8
 .ARM.exidx     0x0800fef0        0x8 c:/progra~2/gnuarm~1/102021~1.10/bin/../lib/gcc/arm-none-eabi/10.3.1/thumb/v7e-m+fp/hard\libgcc.a(_udivmoddi4.o)

.rel.dyn        0x0800fef8        0x0
 .rel.iplt      0x0800fef8        0x0 CMakeFiles/R1.elf.dir/Application/pid_task.c.obj

.data           0x20000000      0x9c0 load address 0x0800fef8
                0x20000000                . = ALIGN (0x4)
                0x20000000                _sdata = .
 *(.data)
 *(.data*)
 .data.SystemCoreClock
                0x20000000        0x4 CMakeFiles/R1.elf.dir/Core/Src/system_stm32f4xx.c.obj
                0x20000000                SystemCoreClock
 .data.uwTickFreq
                0x20000004        0x1 CMakeFiles/R1.elf.dir/Drivers/STM32F4xx_HAL_Driver/Src/stm32f4xx_hal.c.obj
                0x20000004                uwTickFreq
 *fill*         0x20000005        0x3 
 .data.uwTickPrio
                0x20000008        0x4 CMakeFiles/R1.elf.dir/Drivers/STM32F4xx_HAL_Driver/Src/stm32f4xx_hal.c.obj
                0x20000008                uwTickPrio
 .data.uxCriticalNesting
                0x2000000c        0x4 CMakeFiles/R1.elf.dir/Middlewares/Third_Party/FreeRTOS/Source/portable/GCC/ARM_CM4F/port.c.obj
 .data._impure_ptr
                0x20000010        0x4 c:/progra~2/gnuarm~1/102021~1.10/bin/../lib/gcc/arm-none-eabi/10.3.1/../../../../arm-none-eabi/lib/thumb/v7e-m+fp/hard\libg.a(lib_a-impure.o)
                0x20000010                _impure_ptr
 *fill*         0x20000014        0x4 
 .data.impure_data
                0x20000018      0x428 c:/progra~2/gnuarm~1/102021~1.10/bin/../lib/gcc/arm-none-eabi/10.3.1/../../../../arm-none-eabi/lib/thumb/v7e-m+fp/hard\libg.a(lib_a-impure.o)
 .data.numempty
                0x20000440        0x2 c:/progra~2/gnuarm~1/102021~1.10/bin/../lib/gcc/arm-none-eabi/10.3.1/../../../../arm-none-eabi/lib/thumb/v7e-m+fp/hard\libg.a(lib_a-lnumeric.o)
 *fill*         0x20000442        0x2 
 .data.__global_locale
                0x20000444      0x16c c:/progra~2/gnuarm~1/102021~1.10/bin/../lib/gcc/arm-none-eabi/10.3.1/../../../../arm-none-eabi/lib/thumb/v7e-m+fp/hard\libg.a(lib_a-locale.o)
                0x20000444                __global_locale
 .data.__malloc_av_
                0x200005b0      0x408 c:/progra~2/gnuarm~1/102021~1.10/bin/../lib/gcc/arm-none-eabi/10.3.1/../../../../arm-none-eabi/lib/thumb/v7e-m+fp/hard\libg.a(lib_a-mallocr.o)
                0x200005b0                __malloc_av_
 .data.__malloc_sbrk_base
                0x200009b8        0x4 c:/progra~2/gnuarm~1/102021~1.10/bin/../lib/gcc/arm-none-eabi/10.3.1/../../../../arm-none-eabi/lib/thumb/v7e-m+fp/hard\libg.a(lib_a-mallocr.o)
                0x200009b8                __malloc_sbrk_base
 .data.__malloc_trim_threshold
                0x200009bc        0x4 c:/progra~2/gnuarm~1/102021~1.10/bin/../lib/gcc/arm-none-eabi/10.3.1/../../../../arm-none-eabi/lib/thumb/v7e-m+fp/hard\libg.a(lib_a-mallocr.o)
                0x200009bc                __malloc_trim_threshold
 *(.RamFunc)
 *(.RamFunc*)
                0x200009c0                . = ALIGN (0x4)
                0x200009c0                _edata = .
                0x080108b8                _siccmram = LOADADDR (.ccmram)

.igot.plt       0x200009c0        0x0 load address 0x080108b8
 .igot.plt      0x200009c0        0x0 CMakeFiles/R1.elf.dir/Application/pid_task.c.obj

.ccmram         0x10000000        0x0 load address 0x080108b8
                0x10000000                . = ALIGN (0x4)
                0x10000000                _sccmram = .
 *(.ccmram)
 *(.ccmram*)
                0x10000000                . = ALIGN (0x4)
                0x10000000                _eccmram = .
                0x10000000                . = ALIGN (0x4)

.bss            0x200009c0     0x55cc
                0x200009c0                _sbss = .
                0x200009c0                __bss_start__ = _sbss
 *(.bss)
 *(.bss*)
 .bss.angle     0x200009c0        0x4 CMakeFiles/R1.elf.dir/Application/pid_task.c.obj
                0x200009c0                angle
 .bss.angle_last
                0x200009c4        0x4 CMakeFiles/R1.elf.dir/Application/pid_task.c.obj
                0x200009c4                angle_last